Component: ARM Compiler 5.06 update 6 (build 750) Tool: armlink [4d35ed]

==============================================================================

Section Cross References

    startup_stm32f103xe.o(RESET) refers to startup_stm32f103xe.o(STACK) for __initial_sp
    startup_stm32f103xe.o(RESET) refers to startup_stm32f103xe.o(.text) for Reset_Handler
    startup_stm32f103xe.o(RESET) refers to stm32f1xx_it.o(i.NMI_Handler) for NMI_Handler
    startup_stm32f103xe.o(RESET) refers to stm32f1xx_it.o(i.HardFault_Handler) for HardFault_Handler
    startup_stm32f103xe.o(RESET) refers to stm32f1xx_it.o(i.MemManage_Handler) for MemManage_Handler
    startup_stm32f103xe.o(RESET) refers to stm32f1xx_it.o(i.BusFault_Handler) for BusFault_Handler
    startup_stm32f103xe.o(RESET) refers to stm32f1xx_it.o(i.UsageFault_Handler) for UsageFault_Handler
    startup_stm32f103xe.o(RESET) refers to stm32f1xx_it.o(i.SVC_Handler) for SVC_Handler
    startup_stm32f103xe.o(RESET) refers to stm32f1xx_it.o(i.DebugMon_Handler) for DebugMon_Handler
    startup_stm32f103xe.o(RESET) refers to stm32f1xx_it.o(i.PendSV_Handler) for PendSV_Handler
    startup_stm32f103xe.o(RESET) refers to stm32f1xx_it.o(i.SysTick_Handler) for SysTick_Handler
    startup_stm32f103xe.o(RESET) refers to stm32f1xx_it.o(i.DMA1_Channel1_IRQHandler) for DMA1_Channel1_IRQHandler
    startup_stm32f103xe.o(RESET) refers to stm32f1xx_it.o(i.DMA1_Channel2_IRQHandler) for DMA1_Channel2_IRQHandler
    startup_stm32f103xe.o(RESET) refers to stm32f1xx_it.o(i.USB_LP_CAN1_RX0_IRQHandler) for USB_LP_CAN1_RX0_IRQHandler
    startup_stm32f103xe.o(RESET) refers to hw_tim2.o(i.TIM2_IRQHandler) for TIM2_IRQHandler
    startup_stm32f103xe.o(RESET) refers to stm32f1xx_it.o(i.TIM4_IRQHandler) for TIM4_IRQHandler
    startup_stm32f103xe.o(RESET) refers to stm32f1xx_it.o(i.USART1_IRQHandler) for USART1_IRQHandler
    startup_stm32f103xe.o(RESET) refers to stm32f1xx_it.o(i.USART2_IRQHandler) for USART2_IRQHandler
    startup_stm32f103xe.o(.text) refers to system_stm32f1xx.o(i.SystemInit) for SystemInit
    startup_stm32f103xe.o(.text) refers to entry.o(.ARM.Collect$$$$00000000) for __main
    main.o(i.MX_GPIO_Init) refers to stm32f1xx_hal_gpio.o(i.HAL_GPIO_WritePin) for HAL_GPIO_WritePin
    main.o(i.MX_GPIO_Init) refers to stm32f1xx_hal_gpio.o(i.HAL_GPIO_Init) for HAL_GPIO_Init
    main.o(i.SystemClock_Config) refers to memseta.o(.text) for __aeabi_memclr4
    main.o(i.SystemClock_Config) refers to stm32f1xx_hal_rcc.o(i.HAL_RCC_OscConfig) for HAL_RCC_OscConfig
    main.o(i.SystemClock_Config) refers to stm32f1xx_hal_rcc.o(i.HAL_RCC_ClockConfig) for HAL_RCC_ClockConfig
    main.o(i.SystemClock_Config) refers to stm32f1xx_hal_rcc_ex.o(i.HAL_RCCEx_PeriphCLKConfig) for HAL_RCCEx_PeriphCLKConfig
    main.o(i.main) refers to stm32f1xx_hal.o(i.HAL_Init) for HAL_Init
    main.o(i.main) refers to main.o(i.SystemClock_Config) for SystemClock_Config
    main.o(i.main) refers to watchdog.o(i.watchdog_init) for watchdog_init
    main.o(i.main) refers to main.o(i.MX_GPIO_Init) for MX_GPIO_Init
    main.o(i.main) refers to dma.o(i.MX_DMA_Init) for MX_DMA_Init
    main.o(i.main) refers to adc.o(i.MX_ADC1_Init) for MX_ADC1_Init
    main.o(i.main) refers to stm32f1xx_hal_adc_ex.o(i.HAL_ADCEx_Calibration_Start) for HAL_ADCEx_Calibration_Start
    main.o(i.main) refers to hw_uart2.o(i.hw_uart2_init) for hw_uart2_init
    main.o(i.main) refers to hw_uart1.o(i.hw_uart1_init) for hw_uart1_init
    main.o(i.main) refers to hw_tim2.o(i.hw_tim2_init) for hw_tim2_init
    main.o(i.main) refers to sys_tick.o(i.sys_tick_init) for sys_tick_init
    main.o(i.main) refers to hw_tim4_pwm2.o(i.hw_tim4_pwm2_init) for hw_tim4_pwm2_init
    main.o(i.main) refers to hw_tim4_cap1.o(i.hw_tim4_cap1_init) for hw_tim4_cap1_init
    main.o(i.main) refers to hw_tim3_pwm2.o(i.hw_tim3_pwm2_init) for hw_tim3_pwm2_init
    main.o(i.main) refers to hw_tim1_pwm2.o(i.hw_tim1_pwm2_init) for hw_tim1_pwm2_init
    main.o(i.main) refers to oco.o(i.oco_init) for oco_init
    main.o(i.main) refers to sys_calibration_snapshot.o(i.sys_calibration_snapshot_init) for sys_calibration_snapshot_init
    main.o(i.main) refers to sys_calibration_service.o(i.sys_calibration_service_init) for sys_calibration_service_init
    main.o(i.main) refers to sys_calibration_service.o(i.sys_calibration_service_bind_output) for sys_calibration_service_bind_output
    main.o(i.main) refers to sys_calibration_service.o(i.sys_calibration_service_bind_storage) for sys_calibration_service_bind_storage
    main.o(i.main) refers to sys_calibration_snapshot.o(i.sys_calibration_snapshot_prepare_pwm) for sys_calibration_snapshot_prepare_pwm
    main.o(i.main) refers to hw_tim1_pwm2.o(i.hw_tim1_pwm2_set_PWM_OUT) for hw_tim1_pwm2_set_PWM_OUT
    main.o(i.main) refers to hw_tim1_pwm2.o(i.hw_tim1_pwm2_get_oco_on) for hw_tim1_pwm2_get_oco_on
    main.o(i.main) refers to hw_tim1_pwm2.o(i.hw_tim1_pwm2_get_ccr) for hw_tim1_pwm2_get_ccr
[...]
    0x0800ecb0   0x0800ecb0   0x000000dc   Code   RO         8606    i.cJSON_ParseWithLengthOpts  cjson.o
    0x0800ed8c   0x0800ed8c   0x00000022   Code   RO         8607    i.cJSON_ParseWithOpts  cjson.o
    0x0800edae   0x0800edae   0x00000002   PAD
    0x0800edb0   0x0800edb0   0x00000048   Code   RO         8610    i.cJSON_PrintPreallocated  cjson.o
    0x0800edf8   0x0800edf8   0x00000028   Code   RO         8621    i.cJSON_strdup      cjson.o
    0x0800ee20   0x0800ee20   0x00000100   Code   RO         7374    i.capture_identity_line  nbdriver.o
    0x0800ef20   0x0800ef20   0x000000f8   Code   RO         7375    i.capture_rsrp_from_qeng_line  nbdriver.o
    0x0800f018   0x0800f018   0x00000036   Code   RO         7377    i.char_to_digita    nbdriver.o
    0x0800f04e   0x0800f04e   0x00000002   PAD
    0x0800f050   0x0800f050   0x00000038   Code   RO         6345    i.charge_timer      charge.o
    0x0800f088   0x0800f088   0x0000001c   Code   RO         7378    i.clear_iccid_data  nbdriver.o
    0x0800f0a4   0x0800f0a4   0x00000028   Code   RO         7379    i.clear_imei_data   nbdriver.o
    0x0800f0cc   0x0800f0cc   0x00000058   Code   RO         8622    i.compare_double    cjson.o
    0x0800f124   0x0800f124   0x0000004a   Code   RO         7380    i.copy_digits_from_line  nbdriver.o
    0x0800f16e   0x0800f16e   0x00000002   PAD
    0x0800f170   0x0800f170   0x00000010   Code   RO         3835    i.crc16_modbus_get  crc16_modbus.o
    0x0800f180   0x0800f180   0x0000000c   Code   RO         7852    i.createQueue       queue.o
    0x0800f18c   0x0800f18c   0x00000030   Code   RO         5763    i.danger_current_check_process  danger_current_check.o
    0x0800f1bc   0x0800f1bc   0x00000090   Code   RO         5764    i.danger_current_timer  danger_current_check.o
    0x0800f24c   0x0800f24c   0x00000010   Code   RO         8058    i.delayMs           portable.o
    0x0800f25c   0x0800f25c   0x0000002c   Code   RO         7854    i.dequeue           queue.o
    0x0800f288   0x0800f288   0x0000000c   Code   RO         7218    i.dim_ready         net_dim.o
    0x0800f294   0x0800f294   0x0000002a   Code   RO         7855    i.enqueue           queue.o
    0x0800f2be   0x0800f2be   0x0000008a   Code   RO         8624    i.ensure            cjson.o
    0x0800f348   0x0800f348   0x00000338   Code   RO         5809    i.error_report_process  sys_vo_io.o
    0x0800f680   0x0800f680   0x000000c4   Code   RO         5899    i.fac_128_data_default  factory_user_data.o
    0x0800f744   0x0800f744   0x00000008   Code   RO         5901    i.factory_user_get_u16be  factory_user_data.o
    0x0800f74c   0x0800f74c   0x00000054   Code   RO         5902    i.factory_user_load_data  factory_user_data.o
    0x0800f7a0   0x0800f7a0   0x0000000a   Code   RO         5905    i.factory_user_set_u16be  factory_user_data.o
    0x0800f7aa   0x0800f7aa   0x00000002   PAD
    0x0800f7ac   0x0800f7ac   0x0000004c   Code   RO         5906    i.factory_user_sync_product_fields  factory_user_data.o
    0x0800f7f8   0x0800f7f8   0x00000070   Code   RO         5907    i.factory_user_validate_candidate  factory_user_data.o
    0x0800f868   0x0800f868   0x0000003c   Code   RO         5908    i.factory_user_validate_runtime_current  factory_user_data.o
    0x0800f8a4   0x0800f8a4   0x00000058   Code   RO         6752    i.find_data         ntc.o
    0x0800f8fc   0x0800f8fc   0x00000038   Code   RO         6645    i.first_order_filter  adc.o
    0x0800f934   0x0800f934   0x00000008   Code   RO         7856    i.flushQueue        queue.o
    0x0800f93c   0x0800f93c   0x00000050   Code   RO         7381    i.g4Send_MQTT_Data  nbdriver.o
    0x0800f98c   0x0800f98c   0x00000024   Code   RO         4056    i.get_ac_energy     sys_bl0942.o
    0x0800f9b0   0x0800f9b0   0x00000016   Code   RO         8625    i.get_array_item    cjson.o
    0x0800f9c6   0x0800f9c6   0x00000002   PAD
    0x0800f9c8   0x0800f9c8   0x00000054   Code   RO         8173    i.get_checksum_status  ota.o
    0x0800fa1c   0x0800fa1c   0x0000007a   Code   RO         8626    i.get_object_item   cjson.o
    0x0800fa96   0x0800fa96   0x00000002   PAD
    0x0800fa98   0x0800fa98   0x00000058   Code   RO         6843    i.hw_4g_io_init     hw_4g_io.o
    0x0800faf0   0x0800faf0   0x0000000c   Code   RO         6400    i.hw_bl0942_get_state  hw_uart2.o
    0x0800fafc   0x0800fafc   0x00000064   Code   RO         6401    i.hw_bl0942_uart_read  hw_uart2.o
    0x0800fb60   0x0800fb60   0x0000003c   Code   RO         6402    i.hw_bl0942_uart_recover  hw_uart2.o
    0x0800fb9c   0x0800fb9c   0x00000044   Code   RO         6403    i.hw_bl0942_uart_write  hw_uart2.o
    0x0800fbe0   0x0800fbe0   0x00000036   Code   RO         6224    i.hw_flash_erase_page_checked  hw_flash.o
    0x0800fc16   0x0800fc16   0x00000068   Code   RO         6228    i.hw_flash_program_bytes_no_erase_checked  hw_flash.o
    0x0800fc7e   0x0800fc7e   0x00000012   Code   RO         6231    i.hw_flash_read_bytes  hw_flash.o
    0x0800fc90   0x0800fc90   0x000000c0   Code   RO         8457    i.hw_gateway_process  hw_gateway.o
    0x0800fd50   0x0800fd50   0x00000048   Code   RO         8458    i.hw_gateway_timer  hw_gateway.o
    0x0800fd98   0x0800fd98   0x00000010   Code   RO         6489    i.hw_tim1_pwm2_get_ccr  hw_tim1_pwm2.o
    0x0800fda8   0x0800fda8   0x0000000c   Code   RO         6490    i.hw_tim1_pwm2_get_logical_pwm  hw_tim1_pwm2.o
    0x0800fdb4   0x0800fdb4   0x00000018   Code   RO         6491    i.hw_tim1_pwm2_get_oco_on  hw_tim1_pwm2.o
    0x0800fdcc   0x0800fdcc   0x000000c8   Code   RO         6492    i.hw_tim1_pwm2_init  hw_tim1_pwm2.o
    0x0800fe94   0x0800fe94   0x0000000a   Code   RO         6493    i.hw_tim1_pwm2_set_PWM_OUT  hw_tim1_pwm2.o
    0x0800fe9e   0x0800fe9e   0x00000002   PAD
    0x0800fea0   0x0800fea0   0x00000090   Code   RO         6494    i.hw_tim1_pwm2_set_PWM_OUT_internal  hw_tim1_pwm2.o
    0x0800ff30   0x0800ff30   0x0000000a   Code   RO         6495    i.hw_tim1_pwm2_set_calibrated_PWM_OUT  hw_tim1_pwm2.o
    0x0800ff3a   0x0800ff3a   0x00000018   Code   RO         6496    i.hw_tim1_pwm2_set_calibration_PWM_OUT  hw_tim1_pwm2.o
    0x0800ff52   0x0800ff52   0x00000018   Code   RO         6497    i.hw_tim1_pwm2_set_calibration_default_PWM_OUT  hw_tim1_pwm2.o
    0x0800ff6a   0x0800ff6a   0x00000002   Code   RO         6498    i.hw_tim1_pwm2_set_off  hw_tim1_pwm2.o
    0x0800ff6c   0x0800ff6c   0x00000060   Code   RO         6046    i.hw_tim2_init      hw_tim2.o
    0x0800ffcc   0x0800ffcc   0x00000004   Code   RO         6049    i.hw_tim2_timeout_callback  hw_tim2.o
    0x0800ffd0   0x0800ffd0   0x00000084   Code   RO         6103    i.hw_tim3_pwm2_init  hw_tim3_pwm2.o
    0x08010054   0x08010054   0x00000098   Code   RO         6160    i.hw_tim4_cap1_init  hw_tim4_cap1.o
    0x080100ec   0x080100ec   0x00000014   Code   RO         6163    i.hw_tim4_cap1_timer  hw_tim4_cap1.o
    0x08010100   0x08010100   0x00000078   Code   RO         5981    i.hw_tim4_pwm2_init  hw_tim4_pwm2.o
    0x08010178   0x08010178   0x000000ac   Code   RO         6581    i.hw_uart1_init     hw_uart1.o
    0x08010224   0x08010224   0x00000024   Code   RO         6582    i.hw_uart1_resume_rx  hw_uart1.o
    0x08010248   0x08010248   0x0000001c   Code   RO         6583    i.hw_uart1_send     hw_uart1.o
    0x08010264   0x08010264   0x00000048   Code   RO         6584    i.hw_uart1_send_with_result  hw_uart1.o
    0x080102ac   0x080102ac   0x0000000e   Code   RO         6404    i.hw_uart2_counter_increment  hw_uart2.o
    0x080102ba   0x080102ba   0x00000002   PAD
    0x080102bc   0x080102bc   0x00000068   Code   RO         6405    i.hw_uart2_get_diag  hw_uart2.o
    0x08010324   0x08010324   0x0000000c   Code   RO         6406    i.hw_uart2_get_error_count  hw_uart2.o
    0x08010330   0x08010330   0x000000e0   Code   RO         6407    i.hw_uart2_init     hw_uart2.o
    0x08010410   0x08010410   0x0000003c   Code   RO         6408    i.hw_uart2_record_hal_failure  hw_uart2.o
    0x0801044c   0x0801044c   0x00000038   Code   RO         3935    i.iap_jump2boot     for_iap.o
    0x08010484   0x08010484   0x00000050   Code   RO        10784    i.internal_alloc    mc_w.l(mallocr.o)
    0x080104d4   0x080104d4   0x00000010   Code   RO         7857    i.isQueueEmpty      queue.o
    0x080104e4   0x080104e4   0x0000001c   Code   RO         7858    i.isQueueFull       queue.o
    0x08010500   0x08010500   0x00000002   Code   RO         9162    i.json_process      json_protocol.o
    0x08010502   0x08010502   0x00000002   PAD
    0x08010504   0x08010504   0x00000020   Code   RO         3687    i.log_u32           u32_q.o
    0x08010524   0x08010524   0x0000000c   Code   RO         8459    i.longin_sucess     hw_gateway.o
    0x08010530   0x08010530   0x00000020   Code   RO         5459    i.low_temp_detect_is_low  sys_temp_over_protect.o
    0x08010550   0x08010550   0x00000024   Code   RO         7757    i.mac_reset         tcpclient.o
    0x08010574   0x08010574   0x00000264   Code   RO           16    i.main              main.o
    0x080107d8   0x080107d8   0x00000028   Code   RO           17    i.main_timer        main.o
    0x08010800   0x08010800   0x00000014   Code   RO         8176    i.mcu_copy_firmware_getdata  ota.o
    0x08010814   0x08010814   0x00000018   Code   RO         8177    i.mcu_copy_firmware_machine  ota.o
    0x0801082c   0x0801082c   0x00000038   Code   RO         3981    i.mcu_health_is_ok  watchdog.o
    0x08010864   0x08010864   0x000000cc   Code   RO         3983    i.mcu_runtime_diag_process  watchdog.o
    0x08010930   0x08010930   0x000000a4   Code   RO         7383    i.nbModuleProcess   nbdriver.o
    0x080109d4   0x080109d4   0x00000038   Code   RO         7384    i.nbSendTcpData     nbdriver.o
    0x08010a0c   0x08010a0c   0x00000154   Code   RO         7385    i.nbSendTcpData_sm  nbdriver.o
    0x08010b60   0x08010b60   0x00000124   Code   RO         7386    i.nb_at_command_allowed_during_ota  nbdriver.o
    0x08010c84   0x08010c84   0x00000018   Code   RO         7387    i.nb_at_command_is_busy  nbdriver.o
    0x08010c9c   0x08010c9c   0x0000000c   Code   RO         7388    i.nb_at_command_is_failed  nbdriver.o
    0x08010ca8   0x08010ca8   0x00000054   Code   RO         7389    i.nb_at_command_is_mqtt_setup  nbdriver.o
    0x08010cfc   0x08010cfc   0x00000028   Code   RO         7390    i.nb_at_command_is_qccid  nbdriver.o
    0x08010d24   0x08010d24   0x000000cc   Code   RO         7391    i.nb_at_command_terminal_failure  nbdriver.o
    0x08010df0   0x08010df0   0x0000009c   Code   RO         7392    i.nb_config_step_failed_recover  nbdriver.o
    0x08010e8c   0x08010e8c   0x00000018   Code   RO         7393    i.nb_get_rsrp_dbm10  nbdriver.o
    0x08010ea4   0x08010ea4   0x00000074   Code   RO         7394    i.nb_is_link_lost_line  nbdriver.o
    0x08010f18   0x08010f18   0x0000002c   Code   RO         7395    i.nb_modem_lock_for_ota  nbdriver.o
    0x08010f44   0x08010f44   0x00000010   Code   RO         7396    i.nb_modem_locked_by_ota  nbdriver.o
    0x08010f54   0x08010f54   0x00000038   Code   RO         7397    i.nb_modem_send_command_ota  nbdriver.o
    0x08010f8c   0x08010f8c   0x0000000c   Code   RO         7399    i.nb_mqtt_get_publish_fail_count  nbdriver.o
    0x08010f98   0x08010f98   0x0000000c   Code   RO         7400    i.nb_mqtt_get_publish_success_count  nbdriver.o
    0x08010fa4   0x08010fa4   0x0000000c   Code   RO         7401    i.nb_mqtt_get_publish_timeout_count  nbdriver.o
    0x08010fb0   0x08010fb0   0x00000054   Code   RO         7402    i.nb_mqtt_parse_publish_ack  nbdriver.o
    0x08011004   0x08011004   0x00000020   Code   RO         7403    i.nb_mqtt_publish_fail  nbdriver.o
    0x08011024   0x08011024   0x00000020   Code   RO         7404    i.nb_mqtt_publish_owns_uart  nbdriver.o
    0x08011044   0x08011044   0x00000094   Code   RO         7405    i.nb_mqtt_publish_prepare  nbdriver.o
    0x080110d8   0x080110d8   0x0000000c   Code   RO         7407    i.nb_mqtt_recovery_is_active  nbdriver.o
    0x080110e4   0x080110e4   0x0000001c   Code   RO         7408    i.nb_mqtt_recovery_mark_transport_success  nbdriver.o
    0x08011100   0x08011100   0x00000054   Code   RO         7409    i.nb_mqtt_recovery_process  nbdriver.o
    0x08011154   0x08011154   0x0000003c   Code   RO         7410    i.nb_mqtt_recovery_start  nbdriver.o
    0x08011190   0x08011190   0x00000018   Code   RO         7411    i.nb_net_reg_clear  nbdriver.o
    0x080111a8   0x080111a8   0x0000000c   Code   RO         7412    i.nb_qeng_last_capture_valid  nbdriver.o
    0x080111b4   0x080111b4   0x00000058   Code   RO         7413    i.nb_qeng_trigger_runtime  nbdriver.o
    0x0801120c   0x0801120c   0x0000001c   Code   RO         7414    i.nb_uart_is_available_for_at  nbdriver.o
    0x08011228   0x08011228   0x00000054   Code   RO         6807    i.oco_init          oco.o
    0x0801127c   0x0801127c   0x00000010   Code   RO         6808    i.oco_off           oco.o
    0x0801128c   0x0801128c   0x00000010   Code   RO         6809    i.oco_on            oco.o
    0x0801129c   0x0801129c   0x0000001c   Code   RO         7010    i.offline_timer     offline_time_controlled_dimming.o
    0x080112b8   0x080112b8   0x0000002c   Code   RO         7758    i.onLogInResponse   tcpclient.o
    0x080112e4   0x080112e4   0x00000034   Code   RO         7759    i.onNBEvent         tcpclient.o
    0x08011318   0x08011318   0x0000000e   Code   RO         8179    i.ota_ascii_lower   ota.o
    0x08011326   0x08011326   0x00000002   PAD
    0x08011328   0x08011328   0x00000018   Code   RO         8180    i.ota_clear_rx_buffer  ota.o
    0x08011340   0x08011340   0x00000078   Code   RO         8181    i.ota_get_download_url  ota.o
    0x080113b8   0x080113b8   0x00000028   Code   RO         8182    i.ota_log_append_char  ota.o
    0x080113e0   0x080113e0   0x00000026   Code   RO         8183    i.ota_log_append_truncated  ota.o
    0x08011406   0x08011406   0x00000002   PAD
    0x08011408   0x08011408   0x000000f0   Code   RO         8184    i.ota_log_ascii_safe  ota.o
    0x080114f8   0x080114f8   0x0000001c   Code   RO         8185    i.ota_log_raw_rx    ota.o
    0x08011514   0x08011514   0x00000018   Code   RO         8186    i.ota_log_raw_tx    ota.o
    0x0801152c   0x0801152c   0x00000024   Code   RO         8187    i.ota_log_raw_tx_bytes  ota.o
    0x08011550   0x08011550   0x000000c0   Code   RO         8188    i.ota_parse_http_url_for_raw_tcp  ota.o
    0x08011610   0x08011610   0x00000034   Code   RO         8189    i.ota_raw_http_body_byte  ota.o
    0x08011644   0x08011644   0x000000c8   Code   RO         8190    i.ota_raw_http_consume_byte  ota.o
    0x0801170c   0x0801170c   0x000000d8   Code   RO         8191    i.ota_raw_http_header_byte  ota.o
    0x080117e4   0x080117e4   0x00000114   Code   RO         8192    i.ota_raw_http_parse_header_line  ota.o
    0x080118f8   0x080118f8   0x0000005c   Code   RO         8193    i.ota_raw_http_reset  ota.o
    0x08011954   0x08011954   0x00000084   Code   RO         8194    i.ota_raw_log_prompt_timeout  ota.o
    0x080119d8   0x080119d8   0x00000038   Code   RO         8195    i.ota_raw_prompt_reset  ota.o
    0x08011a10   0x08011a10   0x000000a8   Code   RO         8196    i.ota_raw_query_socket_state  ota.o
    0x08011ab8   0x08011ab8   0x00000038   Code   RO         8197    i.ota_raw_start_close  ota.o
    0x08011af0   0x08011af0   0x000000f8   Code   RO         8198    i.ota_raw_wait_prompt  ota.o
    0x08011be8   0x08011be8   0x00000012   Code   RO         8199    i.ota_reset_after_diag  ota.o
    0x08011bfa   0x08011bfa   0x00000002   PAD
    0x08011bfc   0x08011bfc   0x00000038   Code   RO         8200    i.ota_start_http_stop_cleanup  ota.o
    0x08011c34   0x08011c34   0x0000006c   Code   RO         8201    i.ota_stream_erase_backup_area  ota.o
    0x08011ca0   0x08011ca0   0x000000a0   Code   RO         8202    i.ota_stream_program_bytes  ota.o
    0x08011d40   0x08011d40   0x00000044   Code   RO         8203    i.ota_stream_program_pending_page  ota.o
    0x08011d84   0x08011d84   0x00000038   Code   RO         8204    i.ota_stream_program_ready_pages  ota.o
    0x08011dbc   0x08011dbc   0x0000000c   Code   RO         8205    i.ota_stream_read_le32  ota.o
    0x08011dc8   0x08011dc8   0x00000060   Code   RO         8206    i.ota_stream_reset  ota.o
    0x08011e28   0x08011e28   0x0000001c   Code   RO         8207    i.ota_stream_set_expected_size  ota.o
    0x08011e44   0x08011e44   0x00000016   Code   RO         8208    i.ota_stream_size_in_range  ota.o
    0x08011e5a   0x08011e5a   0x00000002   PAD
    0x08011e5c   0x08011e5c   0x00000070   Code   RO         8209    i.ota_stream_stage_current_page  ota.o
    0x08011ecc   0x08011ecc   0x000000a0   Code   RO         8210    i.ota_stream_try_parse_header  ota.o
    0x08011f6c   0x08011f6c   0x00000040   Code   RO         8211    i.ota_stream_verify_backup  ota.o
    0x08011fac   0x08011fac   0x00000080   Code   RO         8212    i.ota_stream_write_byte  ota.o
    0x0801202c   0x0801202c   0x00000030   Code   RO         8213    i.ota_stristarts    ota.o
    0x0801205c   0x0801205c   0x00000084   Code   RO         7415    i.parseResult       nbdriver.o
    0x080120e0   0x080120e0   0x000000d0   Code   RO         8628    i.parse_array       cjson.o
    0x080121b0   0x080121b0   0x00000040   Code   RO         8629    i.parse_hex4        cjson.o
    0x080121f0   0x080121f0   0x000000f0   Code   RO         8630    i.parse_number      cjson.o
    0x080122e0   0x080122e0   0x0000010a   Code   RO         8631    i.parse_object      cjson.o
    0x080123ea   0x080123ea   0x0000010c   Code   RO         8632    i.parse_string      cjson.o
    0x080124f6   0x080124f6   0x00000002   PAD
    0x080124f8   0x080124f8   0x000000fc   Code   RO         8633    i.parse_value       cjson.o
    0x080125f4   0x080125f4   0x00000014   Code   RO         8059    i.portableInit      portable.o
    0x08012608   0x08012608   0x00000096   Code   RO         8635    i.print_array       cjson.o
    0x0801269e   0x0801269e   0x00000002   PAD
    0x080126a0   0x080126a0   0x00000110   Code   RO         8636    i.print_number      cjson.o
    0x080127b0   0x080127b0   0x00000140   Code   RO         8637    i.print_object      cjson.o
    0x080128f0   0x080128f0   0x00000110   Code   RO         8638    i.print_string_ptr  cjson.o
    0x08012a00   0x08012a00   0x000000d0   Code   RO         8639    i.print_value       cjson.o
    0x08012ad0   0x08012ad0   0x00000002   Code   RO           18    i.printf_buf        main.o
    0x08012ad2   0x08012ad2   0x00000002   Code   RO           19    i.printf_buf2       main.o
    0x08012ad4   0x08012ad4   0x00000020   Code   RO         7416    i.pubsend_is_busy   nbdriver.o
    0x08012af4   0x08012af4   0x00000010   Code   RO         7418    i.pubsend_state_idle  nbdriver.o
    0x08012b04   0x08012b04   0x00000010   Code   RO         7419    i.pubsend_state_set_idle  nbdriver.o
    0x08012b14   0x08012b14   0x000000c8   Code   RO         5524    i.pwm_output        sys_pwm.o
    0x08012bdc   0x08012bdc   0x00000010   Code   RO         6844    i.pwr_off           hw_4g_io.o
    0x08012bec   0x08012bec   0x00000010   Code   RO         6845    i.pwr_on            hw_4g_io.o
    0x08012bfc   0x08012bfc   0x00000070   Code   RO         7420    i.readLine          nbdriver.o
    0x08012c6c   0x08012c6c   0x00000060   Code   RO         7421    i.readLine_get_firmware  nbdriver.o
    0x08012ccc   0x08012ccc   0x000000bc   Code   RO         7422    i.readTcpData       nbdriver.o
    0x08012d88   0x08012d88   0x0000006c   Code   RO        10785    i.realloc           mc_w.l(mallocr.o)
    0x08012df4   0x08012df4   0x0000000c   Code   RO         8462    i.recive_flag_MQTT  hw_gateway.o
    0x08012e00   0x08012e00   0x0000000c   Code   RO         8061    i.resetNbModule     portable.o
    0x08012e0c   0x08012e0c   0x00000054   Code   RO         8062    i.resetNbModule_machine  portable.o
    0x08012e60   0x08012e60   0x00000028   Code   RO         7761    i.resetTcpState     tcpclient.o
    0x08012e88   0x08012e88   0x00000020   Code   RO         8063    i.saveUsartByte     portable.o
    0x08012ea8   0x08012ea8   0x0000002c   Code   RO         7423    i.sendCommand       nbdriver.o
    0x08012ed4   0x08012ed4   0x000001d4   Code   RO         7424    i.send_AT_Command_machine  nbdriver.o
    0x080130a8   0x080130a8   0x00000014   Code   RO         7425    i.send_AT_Command_machine_finish  nbdriver.o
    0x080130bc   0x080130bc   0x0000000c   Code   RO         7426    i.send_AT_Command_machine_idle  nbdriver.o
    0x080130c8   0x080130c8   0x0000006c   Code   RO         7427    i.send_AT_Command_machine_star  nbdriver.o
    0x08013134   0x08013134   0x00000034   Code   RO         7428    i.send_AT_Command_machine_wait_or_retry  nbdriver.o
    0x08013168   0x08013168   0x00000018   Code   RO         7429    i.set_OTA_ENABLE    nbdriver.o
    0x08013180   0x08013180   0x0000000c   Code   RO         8464    i.set_gateway_state_idle  hw_gateway.o
    0x0801318c   0x0801318c   0x00000024   Code   RO         3936    i.soft_reset        for_iap.o
    0x080131b0   0x080131b0   0x00000044   Code   RO         4059    i.sqrt_16           sys_bl0942.o
    0x080131f4   0x080131f4   0x0000001c   Code   RO        10477    i.strtod            m_ws.l(strtod.o)
    0x08013210   0x08013210   0x00000014   Code   RO         8214    i.sum32             ota.o
    0x08013224   0x08013224   0x0000000c   Code   RO         5656    i.sys_aip1302_init  sys_aip1302.o
    0x08013230   0x08013230   0x00000110   Code   RO         5657    i.sys_aip1302_process  sys_aip1302.o
    0x08013340   0x08013340   0x0000001c   Code   RO         5658    i.sys_aip1302_timer  sys_aip1302.o
    0x0801335c   0x0801335c   0x00000010   Code   RO         5283    i.sys_bl0942_counter_increment  sys_bl0942_frame.o
    0x0801336c   0x0801336c   0x00000028   Code   RO         4060    i.sys_bl0942_energy_stats_clear  sys_bl0942.o
    0x08013394   0x08013394   0x00000006   Code   RO         5284    i.sys_bl0942_frame_calculate_checksum  sys_bl0942_frame.o
    0x0801339a   0x0801339a   0x00000020   Code   RO         5285    i.sys_bl0942_frame_calculate_checksum_to  sys_bl0942_frame.o
    0x080133ba   0x080133ba   0x00000006   Code   RO         5286    i.sys_bl0942_frame_calculate_legacy_checksum  sys_bl0942_frame.o
    0x080133c0   0x080133c0   0x00000058   Code   RO         5287    i.sys_bl0942_frame_decode  sys_bl0942_frame.o
    0x08013418   0x08013418   0x00000018   Code   RO         5288    i.sys_bl0942_frame_reserved_valid  sys_bl0942_frame.o
    0x08013430   0x08013430   0x0000002c   Code   RO         5289    i.sys_bl0942_frame_uses_legacy_checksum  sys_bl0942_frame.o
    0x0801345c   0x0801345c   0x00000030   Code   RO         5290    i.sys_bl0942_frame_validate  sys_bl0942_frame.o
    0x0801348c   0x0801348c   0x0000000c   Code   RO         4061    i.sys_bl0942_get_data_age_ms  sys_bl0942.o
    0x08013498   0x08013498   0x000000ac   Code   RO         4062    i.sys_bl0942_get_diag  sys_bl0942.o
    0x08013544   0x08013544   0x0000004c   Code   RO         4063    i.sys_bl0942_handle_classified_fault  sys_bl0942.o
    0x08013590   0x08013590   0x00000012   Code   RO         5291    i.sys_bl0942_health_age_ms  sys_bl0942_frame.o
    0x080135a2   0x080135a2   0x00000034   Code   RO         5292    i.sys_bl0942_health_begin_recovery  sys_bl0942_frame.o
    0x080135d6   0x080135d6   0x00000018   Code   RO         5293    i.sys_bl0942_health_init  sys_bl0942_frame.o
    0x080135ee   0x080135ee   0x00000018   Code   RO         5294    i.sys_bl0942_health_is_fresh  sys_bl0942_frame.o
    0x08013606   0x08013606   0x0000001e   Code   RO         5295    i.sys_bl0942_health_record_recovery_start  sys_bl0942_frame.o
    0x08013624   0x08013624   0x00000022   Code   RO         5296    i.sys_bl0942_health_record_valid  sys_bl0942_frame.o
    0x08013646   0x08013646   0x00000002   PAD
    0x08013648   0x08013648   0x0000002c   Code   RO         4064    i.sys_bl0942_init   sys_bl0942.o
    0x08013674   0x08013674   0x0000000c   Code   RO         4065    i.sys_bl0942_is_fresh  sys_bl0942.o
    0x08013680   0x08013680   0x0000001c   Code   RO         4066    i.sys_bl0942_power_down_save  sys_bl0942.o
    0x0801369c   0x0801369c   0x0000038c   Code   RO         4069    i.sys_bl0942_process  sys_bl0942.o
    0x08013a28   0x08013a28   0x0000006c   Code   RO         4070    i.sys_bl0942_timer  sys_bl0942.o
    0x08013a94   0x08013a94   0x00000032   Code   RO         5297    i.sys_bl0942_voltage_apply_gain_q24  sys_bl0942_frame.o
    0x08013ac6   0x08013ac6   0x00000002   PAD
    0x08013ac8   0x08013ac8   0x00000030   Code   RO         4071    i.sys_bl0942_write  sys_bl0942.o
    0x08013af8   0x08013af8   0x00000090   Code   RO         4757    i.sys_calibration_curve_interpolate_s32  sys_calibration_curve.o
    0x08013b88   0x08013b88   0x00000088   Code   RO         4758    i.sys_calibration_curve_interpolate_u16  sys_calibration_curve.o
    0x08013c10   0x08013c10   0x00000090   Code   RO         4759    i.sys_calibration_curve_interpolate_u32  sys_calibration_curve.o
    0x08013ca0   0x08013ca0   0x00000024   Code   RO         4760    i.sys_calibration_curve_validate_level  sys_calibration_curve.o
    0x08013cc4   0x08013cc4   0x0000007c   Code   RO         5253    i.sys_calibration_flash_boot_load_v3  sys_calibration_flash.o
    0x08013d40   0x08013d40   0x00000042   Code   RO         5254    i.sys_calibration_flash_commit_v3  sys_calibration_flash.o
    0x08013d82   0x08013d82   0x00000004   Code   RO         5255    i.sys_calibration_flash_set_inhibit  sys_calibration_flash.o
    0x08013d86   0x08013d86   0x00000004   Code   RO         4285    i.sys_calibration_get_s32_le  sys_calibration_service.o
    0x08013d8a   0x08013d8a   0x0000000a   Code   RO         4286    i.sys_calibration_get_u32_le  sys_calibration_service.o
    0x08013d94   0x08013d94   0x0000000a   Code   RO         4642    i.sys_calibration_get_u32_le  sys_calibration_driver_protocol.o
    0x08013d9e   0x08013d9e   0x0000002e   Code   RO         4643    i.sys_calibration_hex_nibble  sys_calibration_driver_protocol.o
    0x08013dcc   0x08013dcc   0x00000398   Code   RO         9794    i.sys_calibration_mqtt_add_cap  sys_calibration_mqtt.o
    0x08014164   0x08014164   0x00000098   Code   RO         9795    i.sys_calibration_mqtt_add_common_response  sys_calibration_mqtt.o
    0x080141fc   0x080141fc   0x000001c8   Code   RO         9796    i.sys_calibration_mqtt_add_diag  sys_calibration_mqtt.o
    0x080143c4   0x080143c4   0x00000204   Code   RO         9797    i.sys_calibration_mqtt_add_operation_response  sys_calibration_mqtt.o
    0x080145c8   0x080145c8   0x000001ec   Code   RO         9798    i.sys_calibration_mqtt_add_raw  sys_calibration_mqtt.o
    0x080147b4   0x080147b4   0x0000000c   Code   RO         9799    i.sys_calibration_mqtt_digest_byte  sys_calibration_mqtt.o
    0x080147c0   0x080147c0   0x00000024   Code   RO         9800    i.sys_calibration_mqtt_digest_u32  sys_calibration_mqtt.o
    0x080147e4   0x080147e4   0x0000010c   Code   RO         9801    i.sys_calibration_mqtt_field_allowed  sys_calibration_mqtt.o
    0x080148f0   0x080148f0   0x00000682   Code   RO         9802    i.sys_calibration_mqtt_handle  sys_calibration_mqtt.o
    0x08014f72   0x08014f72   0x00000002   PAD
    0x08014f74   0x08014f74   0x0000002c   Code   RO         9803    i.sys_calibration_mqtt_parameter_digest  sys_calibration_mqtt.o
    0x08014fa0   0x08014fa0   0x00000020   Code   RO         9804    i.sys_calibration_mqtt_read_u16  sys_calibration_mqtt.o
    0x08014fc0   0x08014fc0   0x00000078   Code   RO         9805    i.sys_calibration_mqtt_read_u32  sys_calibration_mqtt.o
    0x08015038   0x08015038   0x00000080   Code   RO         9806    i.sys_calibration_mqtt_send_response  sys_calibration_mqtt.o
    0x080150b8   0x080150b8   0x00000040   Code   RO         4644    i.sys_calibration_payload_crc32_iso_hdlc  sys_calibration_driver_protocol.o
    0x080150f8   0x080150f8   0x000000dc   Code   RO         4645    i.sys_calibration_payload_decode  sys_calibration_driver_protocol.o
    0x080151d4   0x080151d4   0x00000058   Code   RO         4647    i.sys_calibration_payload_hex_decode  sys_calibration_driver_protocol.o
    0x0801522c   0x0801522c   0x00000048   Code   RO         4648    i.sys_calibration_payload_hex_encode  sys_calibration_driver_protocol.o
    0x08015274   0x08015274   0x00000030   Code   RO         4649    i.sys_calibration_payload_matches_product  sys_calibration_driver_protocol.o
    0x080152a4   0x080152a4   0x000000da   Code   RO         4650    i.sys_calibration_payload_validate  sys_calibration_driver_protocol.o
    0x0801537e   0x0801537e   0x00000034   Code   RO         4651    i.sys_calibration_payload_within_product_limits  sys_calibration_driver_protocol.o
    0x080153b2   0x080153b2   0x00000030   Code   RO         4859    i.sys_calibration_safety_arbitrate_pwm  sys_calibration_safety.o
    0x080153e2   0x080153e2   0x00000020   Code   RO         4860    i.sys_calibration_safety_is_absolute_overcurrent  sys_calibration_safety.o
    0x08015402   0x08015402   0x00000002   PAD
    0x08015404   0x08015404   0x00000088   Code   RO         4287    i.sys_calibration_service_abort_seq  sys_calibration_service.o
    0x0801548c   0x0801548c   0x00000070   Code   RO         4288    i.sys_calibration_service_apply_seq  sys_calibration_service.o
    0x080154fc   0x080154fc   0x00000158   Code   RO         4289    i.sys_calibration_service_begin_seq  sys_calibration_service.o
    0x08015654   0x08015654   0x0000000c   Code   RO         4290    i.sys_calibration_service_bind_output  sys_calibration_service.o
    0x08015660   0x08015660   0x0000001c   Code   RO         4291    i.sys_calibration_service_bind_storage  sys_calibration_service.o
    0x0801567c   0x0801567c   0x00000114   Code   RO         4292    i.sys_calibration_service_build_raw  sys_calibration_service.o
    0x08015790   0x08015790   0x00000024   Code   RO         4293    i.sys_calibration_service_clear_session  sys_calibration_service.o
    0x080157b4   0x080157b4   0x000000c4   Code   RO         4294    i.sys_calibration_service_commit_seq  sys_calibration_service.o
    0x08015878   0x08015878   0x00000024   Code   RO         4295    i.sys_calibration_service_copy_status  sys_calibration_service.o
    0x0801589c   0x0801589c   0x0000005e   Code   RO         4296    i.sys_calibration_service_correct_bl_current  sys_calibration_service.o
    0x080158fa   0x080158fa   0x0000005e   Code   RO         4297    i.sys_calibration_service_correct_bl_power  sys_calibration_service.o
    0x08015958   0x08015958   0x00000024   Code   RO         4298    i.sys_calibration_service_correct_bl_voltage  sys_calibration_service.o
    0x0801597c   0x0801597c   0x00000046   Code   RO         4299    i.sys_calibration_service_correct_output_current_raw  sys_calibration_service.o
    0x080159c2   0x080159c2   0x00000002   PAD
    0x080159c4   0x080159c4   0x00000058   Code   RO         4300    i.sys_calibration_service_expire  sys_calibration_service.o
    0x08015a1c   0x08015a1c   0x0000004c   Code   RO         4301    i.sys_calibration_service_fault_flags  sys_calibration_service.o
    0x08015a68   0x08015a68   0x00000040   Code   RO         4302    i.sys_calibration_service_finish  sys_calibration_service.o
    0x08015aa8   0x08015aa8   0x00000018   Code   RO         4303    i.sys_calibration_service_force_fault  sys_calibration_service.o
    0x08015ac0   0x08015ac0   0x00000054   Code   RO         4304    i.sys_calibration_service_get_replay  sys_calibration_service.o
    0x08015b14   0x08015b14   0x00000004   Code   RO         4305    i.sys_calibration_service_get_status  sys_calibration_service.o
    0x08015b18   0x08015b18   0x0000007c   Code   RO         4306    i.sys_calibration_service_heartbeat_seq  sys_calibration_service.o
    0x08015b94   0x08015b94   0x00000038   Code   RO         4307    i.sys_calibration_service_init  sys_calibration_service.o
    0x08015bcc   0x08015bcc   0x0000000c   Code   RO         4308    i.sys_calibration_service_is_boot_inhibited  sys_calibration_service.o
    0x08015bd8   0x08015bd8   0x00000024   Code   RO         4309    i.sys_calibration_service_is_output_authorized  sys_calibration_service.o
    0x08015bfc   0x08015bfc   0x00000018   Code   RO         4310    i.sys_calibration_service_lease_expired  sys_calibration_service.o
    0x08015c14   0x08015c14   0x00000048   Code   RO         4311    i.sys_calibration_service_load_committed_v3  sys_calibration_service.o
    0x08015c5c   0x08015c5c   0x0000005c   Code   RO         4312    i.sys_calibration_service_output_pwm_for_current  sys_calibration_service.o
    0x08015cb8   0x08015cb8   0x00000078   Code   RO         4313    i.sys_calibration_service_raw_seq  sys_calibration_service.o
    0x08015d30   0x08015d30   0x000000d0   Code   RO         4314    i.sys_calibration_service_read_seq  sys_calibration_service.o
    0x08015e00   0x08015e00   0x00000080   Code   RO         4315    i.sys_calibration_service_release_seq  sys_calibration_service.o
    0x08015e80   0x08015e80   0x00000060   Code   RO         4316    i.sys_calibration_service_require_session  sys_calibration_service.o
    0x08015ee0   0x08015ee0   0x0000001c   Code   RO         4317    i.sys_calibration_service_restore_boot  sys_calibration_service.o
    0x08015efc   0x08015efc   0x00000030   Code   RO         4318    i.sys_calibration_service_runtime_payload  sys_calibration_service.o
    0x08015f2c   0x08015f2c   0x00000020   Code   RO         4319    i.sys_calibration_service_safe_off  sys_calibration_service.o
    0x08015f4c   0x08015f4c   0x000000bc   Code   RO         4320    i.sys_calibration_service_set_output_seq  sys_calibration_service.o
    0x08016008   0x08016008   0x000000cc   Code   RO         4321    i.sys_calibration_service_set_point_seq  sys_calibration_service.o
    0x080160d4   0x080160d4   0x00000014   Code   RO         4322    i.sys_calibration_service_set_safety_ready  sys_calibration_service.o
    0x080160e8   0x080160e8   0x00000020   Code   RO         4323    i.sys_calibration_service_signature_mix  sys_calibration_service.o
    0x08016108   0x08016108   0x000000a0   Code   RO         4324    i.sys_calibration_service_stage_seq  sys_calibration_service.o
    0x080161a8   0x080161a8   0x00000028   Code   RO         4325    i.sys_calibration_service_timer  sys_calibration_service.o
    0x080161d0   0x080161d0   0x0000017c   Code   RO         4326    i.sys_calibration_service_validate_payload  sys_calibration_service.o
    0x0801634c   0x0801634c   0x0000000c   Code   RO         4197    i.sys_calibration_snapshot_abs_diff  sys_calibration_snapshot.o
    0x08016358   0x08016358   0x0000000c   Code   RO         4198    i.sys_calibration_snapshot_age  sys_calibration_snapshot.o
    0x08016364   0x08016364   0x00000038   Code   RO         4199    i.sys_calibration_snapshot_init  sys_calibration_snapshot.o
    0x0801639c   0x0801639c   0x0000000c   Code   RO         4200    i.sys_calibration_snapshot_prepare_pwm  sys_calibration_snapshot.o
    0x080163a8   0x080163a8   0x00000038   Code   RO         4201    i.sys_calibration_snapshot_publish_adc  sys_calibration_snapshot.o
    0x080163e0   0x080163e0   0x00000068   Code   RO         4202    i.sys_calibration_snapshot_publish_meter  sys_calibration_snapshot.o
    0x08016448   0x08016448   0x00000038   Code   RO         4203    i.sys_calibration_snapshot_publish_pwm  sys_calibration_snapshot.o
    0x08016480   0x08016480   0x0000004c   Code   RO         4204    i.sys_calibration_snapshot_read_adc  sys_calibration_snapshot.o
    0x080164cc   0x080164cc   0x000000ea   Code   RO         4205    i.sys_calibration_snapshot_read_aggregate  sys_calibration_snapshot.o
    0x080165b6   0x080165b6   0x00000002   PAD
    0x080165b8   0x080165b8   0x00000070   Code   RO         4206    i.sys_calibration_snapshot_read_meter  sys_calibration_snapshot.o
    0x08016628   0x08016628   0x00000050   Code   RO         4207    i.sys_calibration_snapshot_read_pwm  sys_calibration_snapshot.o
    0x08016678   0x08016678   0x0000004c   Code   RO         5221    i.sys_calibration_storage_v3_payload_header_validate  sys_calibration_storage.o
    0x080166c4   0x080166c4   0x0000004c   Code   RO         5222    i.sys_calibration_storage_v3_payload_validate  sys_calibration_storage.o
    0x08016710   0x08016710   0x00000084   Code   RO         5382    i.sys_data_load     sys_data.o
    0x08016794   0x08016794   0x00000004   Code   RO         5383    i.sys_data_store    sys_data.o
    0x08016798   0x08016798   0x00000034   Code   RO         5384    i.sys_data_store_checked  sys_data.o
    0x080167cc   0x080167cc   0x00000180   Code   RO         4892    i.sys_persistent_ab_commit_with_ops  sys_persistent_record.o
    0x0801694c   0x0801694c   0x000000e6   Code   RO         4893    i.sys_persistent_ab_load_with_ops  sys_persistent_record.o
    0x08016a32   0x08016a32   0x00000026   Code   RO         4894    i.sys_persistent_ab_update_section_with_ops  sys_persistent_record.o
    0x08016a58   0x08016a58   0x00000240   Code   RO         4895    i.sys_persistent_ab_update_sections_with_ops  sys_persistent_record.o
    0x08016c98   0x08016c98   0x00000030   Code   RO         5002    i.sys_persistent_calibration_commit  sys_persistent_storage.o
    0x08016cc8   0x08016cc8   0x00000030   Code   RO         5004    i.sys_persistent_calibration_load  sys_persistent_storage.o
    0x08016cf8   0x08016cf8   0x00000012   Code   RO         5005    i.sys_persistent_calibration_payload_validate  sys_persistent_storage.o
    0x08016d0a   0x08016d0a   0x00000002   PAD
    0x08016d0c   0x08016d0c   0x00000038   Code   RO         5006    i.sys_persistent_commit_payload  sys_persistent_storage.o
    0x08016d44   0x08016d44   0x000000a0   Code   RO         5008    i.sys_persistent_config_payload_validate  sys_persistent_storage.o
    0x08016de4   0x08016de4   0x0000005c   Code   RO         5009    i.sys_persistent_config_read_section  sys_persistent_storage.o
    0x08016e40   0x08016e40   0x00000022   Code   RO         5010    i.sys_persistent_config_reserved_valid  sys_persistent_storage.o
    0x08016e62   0x08016e62   0x0000003a   Code   RO         5011    i.sys_persistent_config_update_range_valid  sys_persistent_storage.o
    0x08016e9c   0x08016e9c   0x00000070   Code   RO         5012    i.sys_persistent_config_update_section  sys_persistent_storage.o
    0x08016f0c   0x08016f0c   0x0000008c   Code   RO         5013    i.sys_persistent_config_update_sections  sys_persistent_storage.o
    0x08016f98   0x08016f98   0x00000090   Code   RO         5014    i.sys_persistent_copy_config_a_to_b  sys_persistent_storage.o
    0x08017028   0x08017028   0x0000003c   Code   RO         4896    i.sys_persistent_crc32  sys_persistent_record.o
    0x08017064   0x08017064   0x00000046   Code   RO         4897    i.sys_persistent_descriptor_valid  sys_persistent_record.o
    0x080170aa   0x080170aa   0x00000002   PAD
    0x080170ac   0x080170ac   0x000000d4   Code   RO         5015    i.sys_persistent_finalize_first_config  sys_persistent_storage.o
    0x08017180   0x08017180   0x00000004   Code   RO         5016    i.sys_persistent_flash_erase  sys_persistent_storage.o
    0x08017184   0x08017184   0x00000004   Code   RO         5017    i.sys_persistent_flash_program  sys_persistent_storage.o
    0x08017188   0x08017188   0x0000000a   Code   RO         5018    i.sys_persistent_flash_read  sys_persistent_storage.o
    0x08017192   0x08017192   0x00000002   PAD
    0x08017194   0x08017194   0x00000034   Code   RO         5019    i.sys_persistent_format_six_pages  sys_persistent_storage.o
    0x080171c8   0x080171c8   0x00000012   Code   RO         4898    i.sys_persistent_generation_is_newer  sys_persistent_record.o
    0x080171da   0x080171da   0x00000008   Code   RO         4899    i.sys_persistent_get_u16_le  sys_persistent_record.o
    0x080171e2   0x080171e2   0x0000000e   Code   RO         4900    i.sys_persistent_get_u32_le  sys_persistent_record.o
    0x080171f0   0x080171f0   0x00000094   Code   RO         5021    i.sys_persistent_layout_initialize_with_defaults  sys_persistent_storage.o
    0x08017284   0x08017284   0x00000038   Code   RO         5022    i.sys_persistent_load_payload  sys_persistent_storage.o
    0x080172bc   0x080172bc   0x00000016   Code   RO         4901    i.sys_persistent_ops_valid  sys_persistent_record.o
    0x080172d2   0x080172d2   0x00000002   PAD
    0x080172d4   0x080172d4   0x0000006c   Code   RO         5023    i.sys_persistent_ota_flag_clear_preserving_config  sys_persistent_storage.o
    0x08017340   0x08017340   0x00000028   Code   RO         5024    i.sys_persistent_ota_flag_is_set  sys_persistent_storage.o
    0x08017368   0x08017368   0x00000050   Code   RO         5025    i.sys_persistent_ota_flag_mark  sys_persistent_storage.o
    0x080173b8   0x080173b8   0x00000036   Code   RO         5026    i.sys_persistent_page_is_blank  sys_persistent_storage.o
    0x080173ee   0x080173ee   0x00000002   PAD
    0x080173f0   0x080173f0   0x00000038   Code   RO         5027    i.sys_persistent_payload_validator  sys_persistent_storage.o
    0x08017428   0x08017428   0x0000000c   Code   RO         4902    i.sys_persistent_put_u16_le  sys_persistent_record.o
    0x08017434   0x08017434   0x00000014   Code   RO         4903    i.sys_persistent_put_u32_le  sys_persistent_record.o
    0x08017448   0x08017448   0x00000060   Code   RO         5028    i.sys_persistent_read_config_slot  sys_persistent_storage.o
    0x080174a8   0x080174a8   0x00000072   Code   RO         4904    i.sys_persistent_read_slot  sys_persistent_record.o
    0x0801751a   0x0801751a   0x0000000c   Code   RO         4905    i.sys_persistent_record_body_validate  sys_persistent_record.o
    0x08017526   0x08017526   0x00000002   PAD
    0x08017528   0x08017528   0x000000a8   Code   RO         4906    i.sys_persistent_record_build  sys_persistent_record.o
    0x080175d0   0x080175d0   0x0000000c   Code   RO         4907    i.sys_persistent_record_validate  sys_persistent_record.o
    0x080175dc   0x080175dc   0x000000e8   Code   RO         4908    i.sys_persistent_record_validate_body  sys_persistent_record.o
    0x080176c4   0x080176c4   0x00000034   Code   RO         5029    i.sys_persistent_runtime_commit  sys_persistent_storage.o
    0x080176f8   0x080176f8   0x0000009c   Code   RO         5030    i.sys_persistent_runtime_decode  sys_persistent_storage.o
    0x08017794   0x08017794   0x00000084   Code   RO         5032    i.sys_persistent_runtime_encode  sys_persistent_storage.o
    0x08017818   0x08017818   0x00000048   Code   RO         5033    i.sys_persistent_runtime_get_ota_report  sys_persistent_storage.o
    0x08017860   0x08017860   0x0000003c   Code   RO         5034    i.sys_persistent_runtime_load  sys_persistent_storage.o
    0x0801789c   0x0801789c   0x00000024   Code   RO         5035    i.sys_persistent_runtime_pages_are_empty  sys_persistent_storage.o
    0x080178c0   0x080178c0   0x00000018   Code   RO         5036    i.sys_persistent_runtime_payload_validate  sys_persistent_storage.o
    0x080178d8   0x080178d8   0x0000003a   Code   RO         4909    i.sys_persistent_select_active  sys_persistent_record.o
    0x08017912   0x08017912   0x00000002   PAD
    0x08017914   0x08017914   0x00000038   Code   RO         5721    i.sys_pow_drop_check_inint  sys_pow_drop_check.o
    0x0801794c   0x0801794c   0x00000040   Code   RO         5722    i.sys_pow_drop_check_process  sys_pow_drop_check.o
    0x0801798c   0x0801798c   0x00000054   Code   RO         5723    i.sys_pow_drop_check_timer  sys_pow_drop_check.o
    0x080179e0   0x080179e0   0x00000020   Code   RO         4803    i.sys_product_profile_calculate_fingerprint  sys_product_profile.o
    0x08017a00   0x08017a00   0x00000040   Code   RO         4804    i.sys_product_profile_crc32_iso_hdlc  sys_product_profile.o
    0x08017a40   0x08017a40   0x00000008   Code   RO         4805    i.sys_product_profile_current  sys_product_profile.o
    0x08017a48   0x08017a48   0x00000068   Code   RO         4806    i.sys_product_profile_encode_fingerprint  sys_product_profile.o
    0x08017ab0   0x08017ab0   0x000000aa   Code   RO         4808    i.sys_product_profile_is_complete  sys_product_profile.o
    0x08017b5a   0x08017b5a   0x00000008   Code   RO         4809    i.sys_product_profile_put_u16_le  sys_product_profile.o
    0x08017b62   0x08017b62   0x00000002   PAD
    0x08017b64   0x08017b64   0x00000038   Code   RO         4810    i.sys_product_profile_runtime_matches  sys_product_profile.o
    0x08017b9c   0x08017b9c   0x00000068   Code   RO         5525    i.sys_pwm_apply_dynamic_limits  sys_pwm.o
    0x08017c04   0x08017c04   0x0000001c   Code   RO         5526    i.sys_pwm_calibration_fault_active  sys_pwm.o
    0x08017c20   0x08017c20   0x00000048   Code   RO         5527    i.sys_pwm_calibration_feedback_ready  sys_pwm.o
    0x08017c68   0x08017c68   0x00000070   Code   RO         5528    i.sys_pwm_calibration_set_level  sys_pwm.o
    0x08017cd8   0x08017cd8   0x000000b4   Code   RO         5529    i.sys_pwm_calibration_set_output  sys_pwm.o
    0x08017d8c   0x08017d8c   0x00000050   Code   RO         5530    i.sys_pwm_config_valid  sys_pwm.o
    0x08017ddc   0x08017ddc   0x00000040   Code   RO         5531    i.sys_pwm_default_for_target  sys_pwm.o
    0x08017e1c   0x08017e1c   0x00000024   Code   RO         5532    i.sys_pwm_fade_output  sys_pwm.o
    0x08017e40   0x08017e40   0x00000028   Code   RO         5533    i.sys_pwm_force_safe_off  sys_pwm.o
    0x08017e68   0x08017e68   0x0000002c   Code   RO         5534    i.sys_pwm_non_temperature_hardware_fault_active  sys_pwm.o
    0x08017e94   0x08017e94   0x00000038   Code   RO         5535    i.sys_pwm_output    sys_pwm.o
    0x08017ecc   0x08017ecc   0x00000018   Code   RO         5538    i.sys_pwm_process   sys_pwm.o
    0x08017ee4   0x08017ee4   0x0000002c   Code   RO         5539    i.sys_pwm_publish   sys_pwm.o
    0x08017f10   0x08017f10   0x0000000c   Code   RO         5540    i.sys_pwm_reload    sys_pwm.o
    0x08017f1c   0x08017f1c   0x00000058   Code   RO         5541    i.sys_pwm_timer     sys_pwm.o
    0x08017f74   0x08017f74   0x0000001c   Code   RO         3749    i.sys_serial_port_timer  sys_serial_port.o
    0x08017f90   0x08017f90   0x00000002   Code   RO         5460    i.sys_temp_low_protect_process  sys_temp_over_protect.o
    0x08017f92   0x08017f92   0x00000002   PAD
    0x08017f94   0x08017f94   0x000000f4   Code   RO         5462    i.sys_temp_over_protect_process  sys_temp_over_protect.o
    0x08018088   0x08018088   0x00000044   Code   RO         5463    i.sys_temp_over_protect_timer  sys_temp_over_protect.o
    0x080180cc   0x080180cc   0x0000003a   Code   RO         3362    i.sys_tick_cycle_handle  sys_tick.o
    0x08018106   0x08018106   0x00000002   PAD
    0x08018108   0x08018108   0x0000000c   Code   RO         3364    i.sys_tick_get_lag_count  sys_tick.o
    0x08018114   0x08018114   0x0000000c   Code   RO         3365    i.sys_tick_get_max_lag_ticks  sys_tick.o
    0x08018120   0x08018120   0x00000040   Code   RO         3366    i.sys_tick_get_tick  sys_tick.o
    0x08018160   0x08018160   0x00000010   Code   RO         3368    i.sys_tick_init     sys_tick.o
    0x08018170   0x08018170   0x0000004c   Code   RO         3369    i.sys_tick_process  sys_tick.o
    0x080181bc   0x080181bc   0x0000002c   Code   RO         3370    i.sys_timer_1ms     sys_tick.o
    0x080181e8   0x080181e8   0x0000002c   Code   RO           21    i.system_colock_monitor  main.o
    0x08018214   0x08018214   0x00000028   Code   RO         7765    i.tcpClientProcess  tcpclient.o
    0x0801823c   0x0801823c   0x00000030   Code   RO         5464    i.temp_detect_is_over  sys_temp_over_protect.o
    0x0801826c   0x0801826c   0x00000014   Code   RO         3688    i.u32_queue_empty   u32_q.o
    0x08018280   0x08018280   0x00000018   Code   RO         3689    i.u32_queue_full    u32_q.o
    0x08018298   0x08018298   0x00000060   Code   RO         3690    i.u32_queue_in      u32_q.o
    0x080182f8   0x080182f8   0x0000004c   Code   RO         3691    i.u32_queue_out     u32_q.o
    0x08018344   0x08018344   0x0000003c   Code   RO         7219    i.uart_diam_process  net_dim.o
    0x08018380   0x08018380   0x0000001c   Code   RO         8064    i.updateTimeTick    portable.o
    0x0801839c   0x0801839c   0x0000001c   Code   RO         8641    i.update_offset     cjson.o
    0x080183b8   0x080183b8   0x00000004   Code   RO         8065    i.usartSendData     portable.o
    0x080183bc   0x080183bc   0x00000004   Code   RO         8066    i.usartSendDataWithResult  portable.o
    0x080183c0   0x080183c0   0x0000001c   Code   RO         6236    i.user_flash_check  hw_flash.o
    0x080183dc   0x080183dc   0x0000002c   Code   RO         8215    i.user_frash_checksum  ota.o
    0x08018408   0x08018408   0x000000d2   Code   RO         8642    i.utf16_literal_to_utf8  cjson.o
    0x080184da   0x080184da   0x00000002   PAD
    0x080184dc   0x080184dc   0x0000004c   Code   RO         5811    i.voio_timer        sys_vo_io.o
    0x08018528   0x08018528   0x0000000c   Code   RO         3984    i.watchdog_feed_dog  watchdog.o
    0x08018534   0x08018534   0x0000002c   Code   RO         3985    i.watchdog_init     watchdog.o
    0x08018560   0x08018560   0x00000010   Code   RO         3986    i.watchdog_loop_begin  watchdog.o
    0x08018570   0x08018570   0x00000054   Code   RO         3987    i.watchdog_loop_end  watchdog.o
    0x080185c4   0x080185c4   0x00000054   Code   RO         9199    i.zk_add_angle_group  mqtt_zk_protocol.o
    0x08018618   0x08018618   0x00000078   Code   RO        10090    i.zk_add_comm_prop  zk_property.o
    0x08018690   0x08018690   0x000000c4   Code   RO        10091    i.zk_add_dev_info_prop  zk_property.o
    0x08018754   0x08018754   0x00000100   Code   RO        10092    i.zk_add_dim_prop   zk_property.o
    0x08018854   0x08018854   0x000002f4   Code   RO         9200    i.zk_add_ele_info_group  mqtt_zk_protocol.o
    0x08018b48   0x08018b48   0x00000178   Code   RO        10093    i.zk_add_factory_prop  zk_property.o
    0x08018cc0   0x08018cc0   0x00000070   Code   RO        10094    i.zk_add_gis_prop   zk_property.o
    0x08018d30   0x08018d30   0x0000006c   Code   RO        10095    i.zk_add_mdl_info_prop  zk_property.o
    0x08018d9c   0x08018d9c   0x00000048   Code   RO         9201    i.zk_add_per_sts_group  mqtt_zk_protocol.o
    0x08018de4   0x08018de4   0x000001e4   Code   RO        10096    i.zk_add_property_to_dt  zk_property.o
    0x08018fc8   0x08018fc8   0x00000104   Code   RO         9202    i.zk_add_run_status_group  mqtt_zk_protocol.o
    0x080190cc   0x080190cc   0x0000011c   Code   RO         9203    i.zk_add_runtime_time_groups  mqtt_zk_protocol.o
    0x080191e8   0x080191e8   0x00000078   Code   RO        10097    i.zk_add_sense_prop  zk_property.o
    0x08019260   0x08019260   0x00000068   Code   RO         9204    i.zk_add_signal_group  mqtt_zk_protocol.o
    0x080192c8   0x080192c8   0x00000080   Code   RO        10098    i.zk_add_spread_prop  zk_property.o
    0x08019348   0x08019348   0x000000a4   Code   RO        10099    i.zk_add_svr_prop   zk_property.o
    0x080193ec   0x080193ec   0x000002e8   Code   RO         9885    i.zk_alarm_collect_sources  zk_alarm.o
    0x080196d4   0x080196d4   0x00000018   Code   RO         9886    i.zk_alarm_current_threshold  zk_alarm.o
    0x080196ec   0x080196ec   0x0000000e   Code   RO         9887    i.zk_alarm_process  zk_alarm.o
    0x080196fa   0x080196fa   0x00000002   PAD
    0x080196fc   0x080196fc   0x00000058   Code   RO         9888    i.zk_alarm_publish_pending  zk_alarm.o
    0x08019754   0x08019754   0x00000020   Code   RO         9889    i.zk_alarm_reset_states  zk_alarm.o
    0x08019774   0x08019774   0x00000014   Code   RO         9890    i.zk_alarm_temperature_threshold  zk_alarm.o
    0x08019788   0x08019788   0x0000001c   Code   RO         9891    i.zk_alarm_temperature_value  zk_alarm.o
    0x080197a4   0x080197a4   0x0000003a   Code   RO         9892    i.zk_alarm_update_level  zk_alarm.o
    0x080197de   0x080197de   0x00000002   PAD
    0x080197e0   0x080197e0   0x00000028   Code   RO         9205    i.zk_apply_brightness  mqtt_zk_protocol.o
    0x08019808   0x08019808   0x00000170   Code   RO        10100    i.zk_apply_dim_config  zk_property.o
    0x08019978   0x08019978   0x00000254   Code   RO        10101    i.zk_apply_factory_config  zk_property.o
    0x08019bcc   0x08019bcc   0x0000009c   Code   RO        10102    i.zk_apply_gis_config  zk_property.o
    0x08019c68   0x08019c68   0x00000012   Code   RO         9206    i.zk_apply_plan_brightness  mqtt_zk_protocol.o
    0x08019c7a   0x08019c7a   0x00000002   PAD
    0x08019c7c   0x08019c7c   0x0000008c   Code   RO        10103    i.zk_apply_sense_config  zk_property.o
    0x08019d08   0x08019d08   0x0000000e   Code   RO         9207    i.zk_apply_server_time_from_header  mqtt_zk_protocol.o
    0x08019d16   0x08019d16   0x00000002   PAD
    0x08019d18   0x08019d18   0x00000090   Code   RO         9208    i.zk_apply_server_time_text_ex  mqtt_zk_protocol.o
    0x08019da8   0x08019da8   0x0000011c   Code   RO        10104    i.zk_apply_svr_config  zk_property.o
    0x08019ec4   0x08019ec4   0x00000050   Code   RO         9209    i.zk_build_qmt_conn_cmd  mqtt_zk_protocol.o
    0x08019f14   0x08019f14   0x00000064   Code   RO         9210    i.zk_build_qmt_open_cmd  mqtt_zk_protocol.o
    0x08019f78   0x08019f78   0x00000044   Code   RO         9211    i.zk_build_qmt_sub_cmd  mqtt_zk_protocol.o
    0x08019fbc   0x08019fbc   0x00000044   Code   RO         9212    i.zk_build_qmt_sub_upgrade_cmd  mqtt_zk_protocol.o
    0x0801a000   0x0801a000   0x00000010   Code   RO         9213    i.zk_cancel_control_restore  mqtt_zk_protocol.o
    0x0801a010   0x0801a010   0x00000016   Code   RO         9214    i.zk_cjson_create_tx_array  mqtt_zk_protocol.o
    0x0801a026   0x0801a026   0x00000016   Code   RO         9215    i.zk_cjson_create_tx_object  mqtt_zk_protocol.o
    0x0801a03c   0x0801a03c   0x0000002c   Code   RO         9216    i.zk_cjson_init_hooks  mqtt_zk_protocol.o
    0x0801a068   0x0801a068   0x00000014   Code   RO         9217    i.zk_cjson_log_tx_pool_exhausted  mqtt_zk_protocol.o
    0x0801a07c   0x0801a07c   0x00000020   Code   RO         9218    i.zk_cjson_prepare_parse  mqtt_zk_protocol.o
    0x0801a09c   0x0801a09c   0x00000024   Code   RO         9219    i.zk_cjson_prepare_tx  mqtt_zk_protocol.o
    0x0801a0c0   0x0801a0c0   0x00000020   Code   RO         9220    i.zk_cjson_tx_allocation_ok  mqtt_zk_protocol.o
    0x0801a0e0   0x0801a0e0   0x0000002e   Code   RO         9221    i.zk_copy_json_string  mqtt_zk_protocol.o
    0x0801a10e   0x0801a10e   0x00000002   PAD
    0x0801a110   0x0801a110   0x00000098   Code   RO         9222    i.zk_create_root_from_header  mqtt_zk_protocol.o
    0x0801a1a8   0x0801a1a8   0x0000002c   Code   RO         9223    i.zk_days_in_month  mqtt_zk_protocol.o
    0x0801a1d4   0x0801a1d4   0x00000028   Code   RO        10105    i.zk_device_config_commit  zk_property.o
    0x0801a1fc   0x0801a1fc   0x00000008   Code   RO        10106    i.zk_device_config_get  zk_property.o
    0x0801a204   0x0801a204   0x00000038   Code   RO        10107    i.zk_device_config_init  zk_property.o
    0x0801a23c   0x0801a23c   0x00000026   Code   RO        10108    i.zk_device_config_persistent_defaults  zk_property.o
    0x0801a262   0x0801a262   0x00000002   PAD
    0x0801a264   0x0801a264   0x0000000c   Code   RO        10109    i.zk_device_config_refresh_iccid  zk_property.o
    0x0801a270   0x0801a270   0x0000006c   Code   RO        10110    i.zk_device_config_refresh_iccid_field  zk_property.o
    0x0801a2dc   0x0801a2dc   0x0000002c   Code   RO        10111    i.zk_device_config_restore_defaults  zk_property.o
    0x0801a308   0x0801a308   0x0000018c   Code   RO        10112    i.zk_device_config_set_defaults  zk_property.o
    0x0801a494   0x0801a494   0x000000a8   Code   RO         9224    i.zk_dispatch_message  mqtt_zk_protocol.o
    0x0801a53c   0x0801a53c   0x0000000a   Code   RO        10113    i.zk_factory_buf_set_u16be  zk_property.o
    0x0801a546   0x0801a546   0x0000005a   Code   RO         9225    i.zk_fill_message_header  mqtt_zk_protocol.o
    0x0801a5a0   0x0801a5a0   0x00000010   Code   RO         9226    i.zk_get_current_brightness  mqtt_zk_protocol.o
    0x0801a5b0   0x0801a5b0   0x00000008   Code   RO         9227    i.zk_get_ota_url    mqtt_zk_protocol.o
    0x0801a5b8   0x0801a5b8   0x00000094   Code   RO         9228    i.zk_get_time_text  mqtt_zk_protocol.o
    0x0801a64c   0x0801a64c   0x00000304   Code   RO         9229    i.zk_handle_alam_message  mqtt_zk_protocol.o
    0x0801a950   0x0801a950   0x00000228   Code   RO         9230    i.zk_handle_control_message  mqtt_zk_protocol.o
    0x0801ab78   0x0801ab78   0x00000158   Code   RO         9231    i.zk_handle_ota_message  mqtt_zk_protocol.o
    0x0801acd0   0x0801acd0   0x0000013c   Code   RO        10287    i.zk_handle_plan_message  zk_work_plan.o
    0x0801ae0c   0x0801ae0c   0x00000104   Code   RO        10114    i.zk_handle_property_read  zk_property.o
    0x0801af10   0x0801af10   0x00000200   Code   RO        10115    i.zk_handle_property_write  zk_property.o
    0x0801b110   0x0801b110   0x00000098   Code   RO         9232    i.zk_handle_request_message  mqtt_zk_protocol.o
    0x0801b1a8   0x0801b1a8   0x00000068   Code   RO         9233    i.zk_heartbeat_mark_fail  mqtt_zk_protocol.o
    0x0801b210   0x0801b210   0x000000f8   Code   RO         9234    i.zk_heartbeat_monitor_process  mqtt_zk_protocol.o
    0x0801b308   0x0801b308   0x0000004c   Code   RO         9235    i.zk_heartbeat_submit  mqtt_zk_protocol.o
    0x0801b354   0x0801b354   0x0000001c   Code   RO         9236    i.zk_imei_valid     mqtt_zk_protocol.o
    0x0801b370   0x0801b370   0x00000026   Code   RO         9237    i.zk_is_leap_year   mqtt_zk_protocol.o
    0x0801b396   0x0801b396   0x00000002   PAD
    0x0801b398   0x0801b398   0x00000040   Code   RO         9238    i.zk_json_get_rtc_time_text  mqtt_zk_protocol.o
    0x0801b3d8   0x0801b3d8   0x00000042   Code   RO        10116    i.zk_json_pick_config_number  zk_property.o
    0x0801b41a   0x0801b41a   0x00000002   PAD
    0x0801b41c   0x0801b41c   0x000000b8   Code   RO         9239    i.zk_make_heartbeat_packet  mqtt_zk_protocol.o
    0x0801b4d4   0x0801b4d4   0x000000c4   Code   RO         9240    i.zk_make_login_packet  mqtt_zk_protocol.o
    0x0801b598   0x0801b598   0x00000040   Code   RO         9241    i.zk_mcu_reboot_process  mqtt_zk_protocol.o
    0x0801b5d8   0x0801b5d8   0x0000001e   Code   RO         9242    i.zk_message_header_matches_device  mqtt_zk_protocol.o
    0x0801b5f6   0x0801b5f6   0x00000002   PAD
    0x0801b5f8   0x0801b5f8   0x00000058   Code   RO         9243    i.zk_mqtt_accept_heartbeat_ack  mqtt_zk_protocol.o
    0x0801b650   0x0801b650   0x00000088   Code   RO         9244    i.zk_mqtt_accept_login_ack  mqtt_zk_protocol.o
    0x0801b6d8   0x0801b6d8   0x00000018   Code   RO         9245    i.zk_mqtt_force_reconnect  mqtt_zk_protocol.o
    0x0801b6f0   0x0801b6f0   0x00000060   Code   RO         9246    i.zk_mqtt_generate_password  mqtt_zk_protocol.o
    0x0801b750   0x0801b750   0x00000018   Code   RO         9247    i.zk_mqtt_get_config  mqtt_zk_protocol.o
    0x0801b768   0x0801b768   0x0000000e   Code   RO         9248    i.zk_mqtt_get_pub_topic  mqtt_zk_protocol.o
    0x0801b776   0x0801b776   0x00000002   PAD
    0x0801b778   0x0801b778   0x0000013c   Code   RO         9251    i.zk_mqtt_init      mqtt_zk_protocol.o
    0x0801b8b4   0x0801b8b4   0x00000020   Code   RO         9252    i.zk_mqtt_next_json_id  mqtt_zk_protocol.o
    0x0801b8d4   0x0801b8d4   0x0000001c   Code   RO         9253    i.zk_mqtt_next_packet_id  mqtt_zk_protocol.o
    0x0801b8f0   0x0801b8f0   0x0000006c   Code   RO         9254    i.zk_mqtt_reset_session  mqtt_zk_protocol.o
    0x0801b95c   0x0801b95c   0x000002cc   Code   RO         9255    i.zk_mqtt_session_process  mqtt_zk_protocol.o
    0x0801bc28   0x0801bc28   0x00000028   Code   RO         9257    i.zk_ota_ack_clear  mqtt_zk_protocol.o
    0x0801bc50   0x0801bc50   0x000000b4   Code   RO         9258    i.zk_ota_ack_process  mqtt_zk_protocol.o
    0x0801bd04   0x0801bd04   0x00000064   Code   RO         9259    i.zk_ota_report_mark_pending  mqtt_zk_protocol.o
    0x0801bd68   0x0801bd68   0x00000054   Code   RO         9260    i.zk_ota_report_mark_verified  mqtt_zk_protocol.o
    0x0801bdbc   0x0801bdbc   0x00000004   Code   RO         9261    i.zk_ota_report_read_latest  mqtt_zk_protocol.o
    0x0801bdc0   0x0801bdc0   0x00000004   Code   RO         9262    i.zk_ota_report_store  mqtt_zk_protocol.o
    0x0801bdc4   0x0801bdc4   0x000000f0   Code   RO         9263    i.zk_ota_success_report_process  mqtt_zk_protocol.o
    0x0801beb4   0x0801beb4   0x00000028   Code   RO         9264    i.zk_ota_success_report_retry_later  mqtt_zk_protocol.o
    0x0801bedc   0x0801bedc   0x00000090   Code   RO         9267    i.zk_parse_message_header_from_root  mqtt_zk_protocol.o
    0x0801bf6c   0x0801bf6c   0x000000a8   Code   RO         9268    i.zk_parse_rtc_text  mqtt_zk_protocol.o
    0x0801c014   0x0801c014   0x00000080   Code   RO         9269    i.zk_pick_brightness_checked  mqtt_zk_protocol.o
    0x0801c094   0x0801c094   0x00000070   Code   RO         9270    i.zk_pick_control_target  mqtt_zk_protocol.o
    0x0801c104   0x0801c104   0x000000cc   Code   RO         9271    i.zk_pick_switch_checked  mqtt_zk_protocol.o
    0x0801c1d0   0x0801c1d0   0x00000060   Code   RO        10288    i.zk_plan_build_nid_dt  zk_work_plan.o
    0x0801c230   0x0801c230   0x00000028   Code   RO        10289    i.zk_plan_build_record_dt  zk_work_plan.o
    0x0801c258   0x0801c258   0x00000006   Code   RO        10290    i.zk_plan_build_sunriset_dt  zk_work_plan.o
    0x0801c25e   0x0801c25e   0x00000002   PAD
    0x0801c260   0x0801c260   0x00000020   Code   RO        10291    i.zk_plan_clear_last_exec  zk_work_plan.o
    0x0801c280   0x0801c280   0x0000005c   Code   RO        10292    i.zk_plan_compare_datetime  zk_work_plan.o
    0x0801c2dc   0x0801c2dc   0x00000050   Code   RO        10293    i.zk_plan_compare_month_time  zk_work_plan.o
    0x0801c32c   0x0801c32c   0x00000024   Code   RO        10294    i.zk_plan_current_datetime  zk_work_plan.o
    0x0801c350   0x0801c350   0x00000066   Code   RO        10295    i.zk_plan_date_active  zk_work_plan.o
    0x0801c3b6   0x0801c3b6   0x00000002   PAD
    0x0801c3b8   0x0801c3b8   0x00000074   Code   RO        10296    i.zk_plan_datetime_valid  zk_work_plan.o
    0x0801c42c   0x0801c42c   0x00000014   Code   RO        10297    i.zk_plan_ensure_loaded  zk_work_plan.o
    0x0801c440   0x0801c440   0x00000178   Code   RO        10298    i.zk_plan_find_current_match_for_cns  zk_work_plan.o
    0x0801c5b8   0x0801c5b8   0x00000090   Code   RO        10299    i.zk_plan_format_datetime  zk_work_plan.o
    0x0801c648   0x0801c648   0x00000022   Code   RO        10300    i.zk_plan_get_number  zk_work_plan.o
    0x0801c66a   0x0801c66a   0x00000002   PAD
    0x0801c66c   0x0801c66c   0x000000f4   Code   RO        10301    i.zk_plan_handle_read  zk_work_plan.o
    0x0801c760   0x0801c760   0x0000007c   Code   RO        10302    i.zk_plan_parse_cns  zk_work_plan.o
    0x0801c7dc   0x0801c7dc   0x000000d4   Code   RO        10303    i.zk_plan_parse_datetime_text  zk_work_plan.o
    0x0801c8b0   0x0801c8b0   0x0000025c   Code   RO        10304    i.zk_plan_parse_enabled  zk_work_plan.o
    0x0801cb0c   0x0801cb0c   0x000001b8   Code   RO        10305    i.zk_plan_parse_job  zk_work_plan.o
    0x0801ccc4   0x0801ccc4   0x0000002a   Code   RO        10306    i.zk_plan_parse_two_digits  zk_work_plan.o
    0x0801ccee   0x0801ccee   0x00000002   PAD
    0x0801ccf0   0x0801ccf0   0x0000014a   Code   RO        10307    i.zk_plan_payload_decode  zk_work_plan.o
    0x0801ce3a   0x0801ce3a   0x000000f6   Code   RO        10308    i.zk_plan_payload_encode  zk_work_plan.o
    0x0801cf30   0x0801cf30   0x0000001c   Code   RO        10309    i.zk_plan_publish_dt_response  zk_work_plan.o
    0x0801cf4c   0x0801cf4c   0x000002d8   Code   RO        10310    i.zk_plan_record_to_json  zk_work_plan.o
    0x0801d224   0x0801d224   0x00000048   Code   RO        10311    i.zk_plan_save_store  zk_work_plan.o
    0x0801d26c   0x0801d26c   0x00000094   Code   RO        10312    i.zk_plan_upsert    zk_work_plan.o
    0x0801d300   0x0801d300   0x0000001c   Code   RO        10117    i.zk_property_flash_store_config  zk_property.o
    0x0801d31c   0x0801d31c   0x00000062   Code   RO        10118    i.zk_property_flash_store_transaction  zk_property.o
    0x0801d37e   0x0801d37e   0x00000006   Code   RO        10119    i.zk_property_get_s32  zk_property.o
    0x0801d384   0x0801d384   0x00000114   Code   RO        10120    i.zk_property_persistent_decode  zk_property.o
    0x0801d498   0x0801d498   0x00000118   Code   RO        10121    i.zk_property_persistent_encode  zk_property.o
    0x0801d5b0   0x0801d5b0   0x00000008   Code   RO        10122    i.zk_property_put_s32  zk_property.o
    0x0801d5b8   0x0801d5b8   0x0000018c   Code   RO         9272    i.zk_publish_alarm_report  mqtt_zk_protocol.o
    0x0801d744   0x0801d744   0x00000020   Code   RO         9273    i.zk_publish_error_response  mqtt_zk_protocol.o
    0x0801d764   0x0801d764   0x00000038   Code   RO         9274    i.zk_publish_heartbeat_packet  mqtt_zk_protocol.o
    0x0801d79c   0x0801d79c   0x0000005c   Code   RO         9275    i.zk_publish_login_packet  mqtt_zk_protocol.o
    0x0801d7f8   0x0801d7f8   0x000000a0   Code   RO         9277    i.zk_publish_ota_error_now  mqtt_zk_protocol.o
    0x0801d898   0x0801d898   0x000000a4   Code   RO         9279    i.zk_publish_ota_progress_now  mqtt_zk_protocol.o
    0x0801d93c   0x0801d93c   0x00000098   Code   RO         9280    i.zk_publish_ota_success_now  mqtt_zk_protocol.o
    0x0801d9d4   0x0801d9d4   0x00000068   Code   RO         9281    i.zk_publish_response_with_dt  mqtt_zk_protocol.o
    0x0801da3c   0x0801da3c   0x000000b4   Code   RO         9282    i.zk_publish_runtime_report  mqtt_zk_protocol.o
    0x0801daf0   0x0801daf0   0x0000001c   Code   RO         9283    i.zk_publish_simple_response  mqtt_zk_protocol.o
    0x0801db0c   0x0801db0c   0x00000026   Code   RO         9284    i.zk_publish_simple_response_now  mqtt_zk_protocol.o
    0x0801db32   0x0801db32   0x00000002   PAD
    0x0801db34   0x0801db34   0x00000098   Code   RO         9285    i.zk_publish_time_request  mqtt_zk_protocol.o
    0x0801dbcc   0x0801dbcc   0x0000000e   Code   RO         9286    i.zk_reset_config_period_timers  mqtt_zk_protocol.o
    0x0801dbda   0x0801dbda   0x00000002   PAD
    0x0801dbdc   0x0801dbdc   0x00000030   Code   RO         9287    i.zk_response_queue_pop  mqtt_zk_protocol.o
    0x0801dc0c   0x0801dc0c   0x00000080   Code   RO         9288    i.zk_rtc_to_unix_seconds  mqtt_zk_protocol.o
    0x0801dc8c   0x0801dc8c   0x00000058   Code   RO         9966    i.zk_runtime_counter_process  zk_runtime_stats.o
    0x0801dce4   0x0801dce4   0x00000016   Code   RO         9967    i.zk_runtime_flash_store_current  zk_runtime_stats.o
    0x0801dcfa   0x0801dcfa   0x00000002   PAD
    0x0801dcfc   0x0801dcfc   0x0000000c   Code   RO         9969    i.zk_runtime_get_boot_light_seconds  zk_runtime_stats.o
    0x0801dd08   0x0801dd08   0x0000000c   Code   RO         9970    i.zk_runtime_get_boot_run_seconds  zk_runtime_stats.o
    0x0801dd14   0x0801dd14   0x00000010   Code   RO         9972    i.zk_runtime_get_total_light_seconds  zk_runtime_stats.o
    0x0801dd24   0x0801dd24   0x00000010   Code   RO         9973    i.zk_runtime_get_total_run_seconds  zk_runtime_stats.o
    0x0801dd34   0x0801dd34   0x00000034   Code   RO         9974    i.zk_runtime_overlay_current  zk_runtime_stats.o
    0x0801dd68   0x0801dd68   0x00000048   Code   RO         9975    i.zk_runtime_save_process  zk_runtime_stats.o
    0x0801ddb0   0x0801ddb0   0x0000002c   Code   RO         9976    i.zk_runtime_stats_checkpoint_now  zk_runtime_stats.o
    0x0801dddc   0x0801dddc   0x00000078   Code   RO         9977    i.zk_runtime_stats_clear  zk_runtime_stats.o
    0x0801de54   0x0801de54   0x00000004   Code   RO         9978    i.zk_runtime_stats_get_ota_report  zk_runtime_stats.o
    0x0801de58   0x0801de58   0x00000054   Code   RO         9979    i.zk_runtime_stats_init  zk_runtime_stats.o
    0x0801deac   0x0801deac   0x0000001c   Code   RO         9980    i.zk_runtime_stats_powerdown_checkpoint  zk_runtime_stats.o
    0x0801dec8   0x0801dec8   0x00000038   Code   RO         9981    i.zk_runtime_stats_set_calibration_inhibit  zk_runtime_stats.o
    0x0801df00   0x0801df00   0x00000050   Code   RO         9982    i.zk_runtime_stats_set_ota_report  zk_runtime_stats.o
    0x0801df50   0x0801df50   0x00000018   Code   RO         9983    i.zk_runtime_total_energy_001wh  zk_runtime_stats.o
    0x0801df68   0x0801df68   0x0000005c   Code   RO         9289    i.zk_schedule_simple_response  mqtt_zk_protocol.o
    0x0801dfc4   0x0801dfc4   0x0000004c   Code   RO         9290    i.zk_send_json_root  mqtt_zk_protocol.o
    0x0801e010   0x0801e010   0x00000022   Code   RO         9291    i.zk_send_payload   mqtt_zk_protocol.o
    0x0801e032   0x0801e032   0x00000002   PAD
    0x0801e034   0x0801e034   0x0000001c   Code   RO         9292    i.zk_set_local_rtc  mqtt_zk_protocol.o
    0x0801e050   0x0801e050   0x000000c0   Code   RO         9293    i.zk_signal_query_process  mqtt_zk_protocol.o
    0x0801e110   0x0801e110   0x00000020   Code   RO         9294    i.zk_sync_online_period_timers  mqtt_zk_protocol.o
    0x0801e130   0x0801e130   0x000000b8   Code   RO         9295    i.zk_unix_seconds_to_rtc  mqtt_zk_protocol.o
    0x0801e1e8   0x0801e1e8   0x00000080   Code   RO         9296    i.zk_validate_cnctrl_item  mqtt_zk_protocol.o
    0x0801e268   0x0801e268   0x00000048   Code   RO        10313    i.zk_work_plan_init  zk_work_plan.o
    0x0801e2b0   0x0801e2b0   0x0000001a   Code   RO        10314    i.zk_work_plan_persistent_defaults  zk_work_plan.o
    0x0801e2ca   0x0801e2ca   0x00000002   PAD
    0x0801e2cc   0x0801e2cc   0x000000ac   Code   RO        10315    i.zk_work_plan_process  zk_work_plan.o
    0x0801e378   0x0801e378   0x00000010   Data   RO         3326    .constdata          system_stm32f1xx.o
    0x0801e388   0x0801e388   0x00000008   Data   RO         3327    .constdata          system_stm32f1xx.o
    0x0801e390   0x0801e390   0x00000200   Data   RO         3837    .constdata          crc16_modbus.o
    0x0801e590   0x0801e590   0x00000011   Data   RO         4654    .constdata          sys_calibration_driver_protocol.o
    0x0801e5a1   0x0801e5a1   0x00000001   PAD
    0x0801e5a2   0x0801e5a2   0x00000024   Data   RO         4811    .constdata          sys_product_profile.o
    0x0801e5c6   0x0801e5c6   0x00000002   PAD
    0x0801e5c8   0x0801e5c8   0x00000038   Data   RO         4812    .constdata          sys_product_profile.o
    0x0801e600   0x0801e600   0x00000070   Data   RO         5038    .constdata          sys_persistent_storage.o
    0x0801e670   0x0801e670   0x00000020   Data   RO         6648    .constdata          adc.o
    0x0801e690   0x0801e690   0x000002ac   Data   RO         6754    .constdata          ntc.o
    0x0801e93c   0x0801e93c   0x00000011   Data   RO         8217    .constdata          ota.o
    0x0801e94d   0x0801e94d   0x00000003   PAD
    0x0801e950   0x0801e950   0x00000060   Data   RO         9298    .constdata          mqtt_zk_protocol.o
    0x0801e9b0   0x0801e9b0   0x00000038   Data   RO         9808    .constdata          sys_calibration_mqtt.o
    0x0801e9e8   0x0801e9e8   0x0000000c   Data   RO        10317    .constdata          zk_work_plan.o
    0x0801e9f4   0x0801e9f4   0x00000040   Data   RO        10889    .constdata          mc_w.l(ctype_c.o)
    0x0801ea34   0x0801ea34   0x0000000f   Data   RO         4813    .conststring        sys_product_profile.o
    0x0801ea43   0x0801ea43   0x00000001   PAD
    0x0801ea44   0x0801ea44   0x0000005c   Data   RO         8218    .conststring        ota.o
    0x0801eaa0   0x0801eaa0   0x00000191   Data   RO         9299    .conststring        mqtt_zk_protocol.o
    0x0801ec31   0x0801ec31   0x00000003   PAD
    0x0801ec34   0x0801ec34   0x0000006a   Data   RO         9809    .conststring        sys_calibration_mqtt.o
    0x0801ec9e   0x0801ec9e   0x00000002   PAD
    0x0801eca0   0x0801eca0   0x00000020   Data   RO        10891    Region$$Table       anon$$obj.o


    Execution Region RW_IRAM1 (Exec base: 0x20000000, Load base: 0x0801ecc0, Size: 0x00008990, Max: 0x0000c000, ABSOLUTE, COMPRESSED[0x000000cc])

    Exec Addr    Load Addr    Size         Type   Attr      Idx    E Section Name        Object

    0x20000000   COMPRESSED   0x00000006   Data   RW           23    .data               main.o
    0x20000006   COMPRESSED   0x00000002   PAD
    0x20000008   COMPRESSED   0x0000000c   Data   RW          651    .data               stm32f1xx_hal.o
    0x20000014   COMPRESSED   0x00000004   Data   RW         3328    .data               system_stm32f1xx.o
    0x20000018   COMPRESSED   0x00000010   Data   RW         3371    .data               sys_tick.o
    0x20000028   COMPRESSED   0x00000005   Data   RW         3562    .data               buzzer.o
    0x2000002d   COMPRESSED   0x00000003   PAD
    0x20000030   COMPRESSED   0x00000004   Data   RW         3695    .data               u32_q.o
    0x20000034   COMPRESSED   0x00000004   Data   RW         3751    .data               sys_serial_port.o
    0x20000038   COMPRESSED   0x00000008   Data   RW         3940    .data               for_iap.o
    0x20000040   COMPRESSED   0x00000018   Data   RW         3989    .data               watchdog.o
    0x20000058   COMPRESSED   0x0000004c   Data   RW         4073    .data               sys_bl0942.o
    0x200000a4   COMPRESSED   0x00000010   Data   RW         4209    .data               sys_calibration_snapshot.o
    0x200000b4   COMPRESSED   0x0000002c   Data   RW         4328    .data               sys_calibration_service.o
    0x200000e0   COMPRESSED   0x00000198   Data   RW         5385    .data               sys_data.o
    0x20000278   COMPRESSED   0x0000000e   Data   RW         5465    .data               sys_temp_over_protect.o
    0x20000286   COMPRESSED   0x00000001   Data   RW         5466    .data               sys_temp_over_protect.o
    0x20000287   COMPRESSED   0x00000001   PAD
    0x20000288   COMPRESSED   0x00000010   Data   RW         5542    .data               sys_pwm.o
    0x20000298   COMPRESSED   0x00000006   Data   RW         5660    .data               sys_aip1302.o
    0x2000029e   COMPRESSED   0x0000000a   Data   RW         5724    .data               sys_pow_drop_check.o
    0x200002a8   COMPRESSED   0x00000014   Data   RW         5765    .data               danger_current_check.o
    0x200002bc   COMPRESSED   0x00000044   Data   RW         5812    .data               sys_vo_io.o
    0x20000300   COMPRESSED   0x00000001   Data   RW         5813    .data               sys_vo_io.o
    0x20000301   COMPRESSED   0x00000001   PAD
    0x20000302   COMPRESSED   0x0000000a   Data   RW         5910    .data               factory_user_data.o
    0x2000030c   COMPRESSED   0x00000004   Data   RW         6165    .data               hw_tim4_cap1.o
    0x20000310   COMPRESSED   0x00000003   Data   RW         6346    .data               charge.o
    0x20000313   COMPRESSED   0x00000001   PAD
    0x20000314   COMPRESSED   0x0000000c   Data   RW         6410    .data               hw_uart2.o
    0x20000320   COMPRESSED   0x00000004   Data   RW         6501    .data               hw_tim1_pwm2.o
    0x20000324   COMPRESSED   0x0000000c   Data   RW         6586    .data               hw_uart1.o
    0x20000330   COMPRESSED   0x00000030   Data   RW         6649    .data               adc.o
    0x20000360   COMPRESSED   0x00000014   Data   RW         6755    .data               ntc.o
    0x20000374   COMPRESSED   0x00000001   Data   RW         6910    .data               aip1302.o
    0x20000375   COMPRESSED   0x00000001   Data   RW         7011    .data               offline_time_controlled_dimming.o
    0x20000376   COMPRESSED   0x00000004   Data   RW         7014    .data               offline_time_controlled_dimming.o
    0x2000037a   COMPRESSED   0x00000002   PAD
    0x2000037c   COMPRESSED   0x00000008   Data   RW         7220    .data               net_dim.o
    0x20000384   COMPRESSED   0x00000060   Data   RW         7431    .data               nbdriver.o
    0x200003e4   COMPRESSED   0x00000008   Data   RW         7766    .data               tcpclient.o
    0x200003ec   COMPRESSED   0x00000014   Data   RW         8068    .data               portable.o
    0x20000400   COMPRESSED   0x00000074   Data   RW         8219    .data               ota.o
    0x20000474   COMPRESSED   0x00000002   Data   RW         8220    .data               ota.o
    0x20000476   COMPRESSED   0x00000016   Data   RW         8465    .data               hw_gateway.o
    0x2000048c   COMPRESSED   0x00000004   Data   RW         8467    .data               hw_gateway.o
    0x20000490   COMPRESSED   0x00000014   Data   RW         8644    .data               cjson.o
    0x200004a4   COMPRESSED   0x000000f8   Data   RW         9300    .data               mqtt_zk_protocol.o
    0x2000059c   COMPRESSED   0x00000110   Data   RW         9893    .data               zk_alarm.o
    0x200006ac   COMPRESSED   0x00000020   Data   RW         9984    .data               zk_runtime_stats.o
    0x200006cc   COMPRESSED   0x0000000a   Data   RW        10318    .data               zk_work_plan.o
    0x200006d6   COMPRESSED   0x00000002   PAD
    0x200006d8   COMPRESSED   0x00000004   Data   RW        10857    .data               mc_w.l(mvars.o)
    0x200006dc   COMPRESSED   0x00000004   Data   RW        10858    .data               mc_w.l(mvars.o)
    0x200006e0        -       0x00000038   Zero   RW           22    .bss                main.o
    0x20000718        -       0x00000020   Zero   RW         2282    .bss                stm32f1xx_hal_flash.o
    0x20000738        -       0x0000007c   Zero   RW         3694    .bss                u32_q.o
    0x200007b4        -       0x00000048   Zero   RW         3988    .bss                watchdog.o
    0x200007fc        -       0x0000002c   Zero   RW         4072    .bss                sys_bl0942.o
    0x20000828        -       0x00000064   Zero   RW         4208    .bss                sys_calibration_snapshot.o
    0x2000088c        -       0x00000220   Zero   RW         4327    .bss                sys_calibration_service.o
    0x20000aac        -       0x0000045c   Zero   RW         5037    .bss                sys_persistent_storage.o
    0x20000f08        -       0x00000014   Zero   RW         5659    .bss                sys_aip1302.o
    0x20000f1c        -       0x00000080   Zero   RW         5909    .bss                factory_user_data.o
    0x20000f9c        -       0x000000b4   Zero   RW         6050    .bss                hw_tim2.o
    0x20001050        -       0x000000b4   Zero   RW         6106    .bss                hw_tim3_pwm2.o
    0x20001104        -       0x000000b4   Zero   RW         6164    .bss                hw_tim4_cap1.o
    0x200011b8        -       0x0000006c   Zero   RW         6409    .bss                hw_uart2.o
    0x20001224        -       0x000000b4   Zero   RW         6500    .bss                hw_tim1_pwm2.o
    0x200012d8        -       0x00000044   Zero   RW         6585    .bss                hw_uart1.o
    0x2000131c        -       0x000000b4   Zero   RW         6647    .bss                adc.o
    0x200013d0        -       0x00000dfd   Zero   RW         7430    .bss                nbdriver.o
    0x200021cd   COMPRESSED   0x00000003   PAD
    0x200021d0        -       0x00001010   Zero   RW         8067    .bss                portable.o
    0x200031e0        -       0x00001761   Zero   RW         8216    .bss                ota.o
    0x20004941   COMPRESSED   0x00000007   PAD
    0x20004948        -       0x00002ad0   Zero   RW         9297    .bss                mqtt_zk_protocol.o
    0x20007418        -       0x000004c4   Zero   RW         9807    .bss                sys_calibration_mqtt.o
    0x200078dc        -       0x000001a4   Zero   RW        10123    .bss                zk_property.o
    0x20007a80        -       0x00000510   Zero   RW        10316    .bss                zk_work_plan.o
    0x20007f90        -       0x00000200   Zero   RW            2    HEAP                startup_stm32f103xe.o
    0x20008190        -       0x00000800   Zero   RW            1    STACK               startup_stm32f103xe.o


==============================================================================

Image component sizes


      Code (inc. data)   RO Data    RW Data    ZI Data      Debug   Object Name

       788         76         32         48        180       7526   adc.o
       810         64          0          1          0       8580   aip1302.o
         0          0          0          0          0       1228   app.o
        72          4          0          5          0        819   buzzer.o
        92         16          0          3          0       1713   charge.o
      4346        220          0         20          0      44200   cjson.o
        50          6        512          0          0       1902   crc16_modbus.o
       192         28          0         20          0       1527   danger_current_check.o
        44          4          0          0          0        766   dma.o
       546         42          0         10        128       5516   factory_user_data.o
        92         22         10          8          0      30753   for_iap.o
       120         18          0          0          0       1983   hw_4g_io.o
       204          0          0          0          0       3495   hw_flash.o
       300         38          0         26          0       4808   hw_gateway.o
       466         44          0          4        180       6605   hw_tim1_pwm2.o
       112         18          0          0        180       2378   hw_tim2.o
       272         34          0          0        180       2516   hw_tim3_pwm2.o
       352         44          0          4        180       3133   hw_tim4_cap1.o
       120         14          0          0          0       1112   hw_tim4_pwm2.o
       408         78          0         12         68       4108   hw_uart1.o
       978        114          0         12        108       8676   hw_uart2.o
       102          0          0          0          0       6513   json_protocol.o
       940         84          0          6         56     539368   main.o
     11438       1900        497        248      10960      81877   mqtt_zk_protocol.o
      5916       1528          0         96       3581      44377   nbdriver.o
        72         20          0          8          0       1259   net_dim.o
       320         34        684         20          0       3444   ntc.o
       116         20          0          0          0       1898   oco.o
        28          4          0          5          0        973   offline_time_controlled_dimming.o
      6086       1418        109        118       5985      36344   ota.o
       280         56          0         20       4112       8675   portable.o
         0          0          0          0          0       2736   protocol.o
       150          0          0          0          0       4266   queue.o
        36          8        304          0       2560        808   startup_stm32f103xe.o
       172         30          0         12          0       6553   stm32f1xx_hal.o
      1272         48          0          0          0       7632   stm32f1xx_hal_adc.o
       268          4          0          0          0       1518   stm32f1xx_hal_adc_ex.o
       208         16          0          0          0      28711   stm32f1xx_hal_cortex.o
      1520        130          0          0          0       8897   stm32f1xx_hal_dma.o
       456         52          0          0         32       4362   stm32f1xx_hal_flash.o
       252         26          0          0          0       2619   stm32f1xx_hal_flash_ex.o
       564         12          0          0          0       3571   stm32f1xx_hal_gpio.o
       114          0          0          0          0       1867   stm32f1xx_hal_iwdg.o
        60          8          0          0          0        882   stm32f1xx_hal_msp.o
      1684         98          0          0          0       6924   stm32f1xx_hal_rcc.o
       588         52          0          0          0       2941   stm32f1xx_hal_rcc_ex.o
      2818        168          0          0          0      22554   stm32f1xx_hal_tim.o
       140          0          0          0          0       3048   stm32f1xx_hal_tim_ex.o
      1630         12          0          0          0      11368   stm32f1xx_hal_uart.o
        82         24          0          0          0       6655   stm32f1xx_it.o
       576         36          0          6         20       6659   sys_aip1302.o
      1552         94          0         76         44      23059   sys_bl0942.o
       496          0          0          0          0      10150   sys_bl0942_frame.o
       460          0          0          0          0       4255   sys_calibration_curve.o
       818         10         17          0          0       8449   sys_calibration_driver_protocol.o
       194          0          0          0          0       3311   sys_calibration_flash.o
      4842       1324        162          0       1220      16134   sys_calibration_mqtt.o
        80          0          0          0          0       2708   sys_calibration_safety.o
      3924        326          0         44        544      46708   sys_calibration_service.o
       810         64          0         16        100      15490   sys_calibration_snapshot.o
       152          8          0          0          0       1963   sys_calibration_storage.o
       188         18          0        408          0       9577   sys_data.o
      2048         26          0          0          0      17610   sys_persistent_record.o
      2362        188        112          0       1116      26012   sys_persistent_storage.o
       204         22          0         10          0       2613   sys_pow_drop_check.o
       442         14        107          0          0       5758   sys_product_profile.o
      1184         94          0         16          0      10946   sys_pwm.o
        28          4          0          4          0       3922   sys_serial_port.o
       394         46          0         15          0       4719   sys_temp_over_protect.o
       282         34          0         16          0       8806   sys_tick.o
       956         58          0         69          0       5392   sys_vo_io.o
         2          0         24          4          0       1131   system_stm32f1xx.o
       212         48          0          8          0       4102   tcpclient.o
       248         28          0          4        124       3671   u32_q.o
       416         62          0         24         72       5444   watchdog.o
      1008         96          0        272          0       6451   zk_alarm.o
      5854       1082          0          0        420      26959   zk_property.o
       730         98          0         32          0      11221   zk_runtime_stats.o
      4978        478         12         10       1296      28811   zk_work_plan.o

    ----------------------------------------------------------------------
     83250      10894       2626       1752      33456    1318015   Object Totals
         0          0         32          0          0          0   (incl. Generated)
       134          0         12         12         10          0   (incl. Padding)

    ----------------------------------------------------------------------

      Code (inc. data)   RO Data    RW Data    ZI Data      Debug   Library Member Name

        28          0          0          0          0         80   strtod.o
        56          8          0          0          0         84   __0sscanf.o
        86          0          0          0          0          0   __dczerorl2.o
        28          0          0          0          0         68   _chval.o
       812          4          0          0          0        112   _scanf.o
       332          0          0          0          0         96   _scanf_int.o
        64          0          0          0          0         84   _sgetc.o
        40          6         64          0          0         68   ctype_c.o
         0          0          0          0          0          0   entry.o
         0          0          0          0          0          0   entry10a.o
         0          0          0          0          0          0   entry11a.o
         8          4          0          0          0          0   entry2.o
         4          0          0          0          0          0   entry5.o
         0          0          0          0          0          0   entry7b.o
         0          0          0          0          0          0   entry8b.o
         8          4          0          0          0          0   entry9a.o
        30          0          0          0          0          0   handlers.o
        36          8          0          0          0         68   init.o
        10          0          0          0          0         68   isspace_c.o
         0          0          0          0          0          0   iusefp.o
        30          0          0          0          0         68   llshl.o
        36          0          0          0          0         68   llsshr.o
        32          0          0          0          0         68   llushr.o
       360         30          0          0          0        356   mallocr.o
        26          0          0          0          0         80   memcmp.o
        64          0          0          0          0         76   memmovea.o
        36          0          0          0          0        108   memseta.o
         0          0          0          8          0          0   mvars.o
      2346         90          0          0          0        672   printfa.o
        40          8          0          0          0         84   scanf_char.o
       878         12          0          0          0        216   scanf_fp.o
        20          0          0          0          0         68   strchr.o
        28          0          0          0          0         76   strcmp.o
        18          0          0          0          0         68   strcpy.o
        14          0          0          0          0         68   strlen.o
        30          0          0          0          0         80   strncmp.o
        24          0          0          0          0         76   strncpy.o
        32          0          0          0          0         68   strrchr.o
        36          0          0          0          0         80   strstr.o
       156         12          0          0          0        120   strtod.o
        12          0          0          0          0         68   tolower.o
        44          0          0          0          0         80   uidiv.o
        98          0          0          0          0         92   uldiv.o
        48          0          0          0          0         68   cdcmple.o
        48          0          0          0          0         68   cdrcmple.o
        56          0          0          0          0         88   d2f.o
       334          0          0          0          0        148   dadd.o
       222          0          0          0          0        100   ddiv.o
       186          0          0          0          0        176   depilogue.o
        62          0          0          0          0         80   dfixi.o
        50          0          0          0          0         76   dfixui.o
        48          0          0          0          0         68   dfixul.o
        34          0          0          0          0         76   dflti.o
        26          0          0          0          0         76   dfltui.o
        24          0          0          0          0         76   dfltul.o
       228          0          0          0          0         96   dmul.o
        46          0          0          0          0         80   dscalb.o
       110          0          0          0          0        168   fepilogue.o

    ----------------------------------------------------------------------
      7436        186         64          8          0       4912   Library Totals
        12          0          0          0          0          0   (incl. Padding)

    ----------------------------------------------------------------------

      Code (inc. data)   RO Data    RW Data    ZI Data      Debug   Library Name

        28          0          0          0          0         80   m_ws.l
      5874        186         64          8          0       3388   mc_w.l
      1522          0          0          0          0       1444   mf_w.l

    ----------------------------------------------------------------------
      7436        186         64          8          0       4912   Library Totals

    ----------------------------------------------------------------------

==============================================================================


      Code (inc. data)   RO Data    RW Data    ZI Data      Debug   

     90686      11080       2690       1760      33456    1279271   Grand Totals
     90686      11080       2690        204      33456    1279271   ELF Image Totals (compressed)
     90686      11080       2690        204          0          0   ROM Totals

==============================================================================

    Total RO  Size (Code + RO Data)                93376 (  91.19kB)
    Total RW  Size (RW Data + ZI Data)             35216 (  34.39kB)
    Total ROM Size (Code + RO Data + RW Data)      93580 (  91.39kB)

==============================================================================

